------------------------------------------------------------
TimeQuest Timing Analyzer Summary
------------------------------------------------------------

Type  : Slow 1200mV 125C Model Setup 'n/a'
Slack : 4.099
TNS   : 0.000

Type  : Slow 1200mV 125C Model Setup 'pll_inst|altpll_component|auto_generated|pll1|clk[0]'
Slack : 5.457
TNS   : 0.000

Type  : Slow 1200mV 125C Model Hold 'pll_inst|altpll_component|auto_generated|pll1|clk[0]'
Slack : 0.429
TNS   : 0.000

Type  : Slow 1200mV 125C Model Minimum Pulse Width 'pll_inst|altpll_component|auto_generated|pll1|clk[0]'
Slack : 5.959
TNS   : 0.000

Type  : Slow 1200mV 125C Model Minimum Pulse Width 'clk_20mhz'
Slack : 24.865
TNS   : 0.000

Type  : Slow 1200mV -40C Model Setup 'n/a'
Slack : 4.949
TNS   : 0.000

Type  : Slow 1200mV -40C Model Setup 'pll_inst|altpll_component|auto_generated|pll1|clk[0]'
Slack : 6.107
TNS   : 0.000

Type  : Slow 1200mV -40C Model Hold 'pll_inst|altpll_component|auto_generated|pll1|clk[0]'
Slack : 0.345
TNS   : 0.000

Type  : Slow 1200mV -40C Model Minimum Pulse Width 'pll_inst|altpll_component|auto_generated|pll1|clk[0]'
Slack : 5.949
TNS   : 0.000

Type  : Slow 1200mV -40C Model Minimum Pulse Width 'clk_20mhz'
Slack : 24.889
TNS   : 0.000

Type  : Fast 1200mV -40C Model Setup 'n/a'
Slack : 6.400
TNS   : 0.000

Type  : Fast 1200mV -40C Model Setup 'pll_inst|altpll_component|auto_generated|pll1|clk[0]'
Slack : 8.940
TNS   : 0.000

Type  : Fast 1200mV -40C Model Hold 'pll_inst|altpll_component|auto_generated|pll1|clk[0]'
Slack : 0.180
TNS   : 0.000

Type  : Fast 1200mV -40C Model Minimum Pulse Width 'pll_inst|altpll_component|auto_generated|pll1|clk[0]'
Slack : 6.026
TNS   : 0.000

Type  : Fast 1200mV -40C Model Minimum Pulse Width 'clk_20mhz'
Slack : 24.629
TNS   : 0.000

------------------------------------------------------------
