------------------------------------------------------------
TimeQuest Timing Analyzer Summary
------------------------------------------------------------

Type  : Slow 1200mV 125C Model Minimum Pulse Width 'pll_inst|altpll_component|auto_generated|pll1|clk[0]'
Slack : 6.223
TNS   : 0.000

Type  : Slow 1200mV 125C Model Minimum Pulse Width 'CLK_P'
Slack : 6.250
TNS   : 0.000

Type  : Slow 1200mV 125C Model Minimum Pulse Width 'clk_20mhz'
Slack : 24.865
TNS   : 0.000

Type  : Slow 1200mV -40C Model Minimum Pulse Width 'pll_inst|altpll_component|auto_generated|pll1|clk[0]'
Slack : 6.221
TNS   : 0.000

Type  : Slow 1200mV -40C Model Minimum Pulse Width 'CLK_P'
Slack : 6.250
TNS   : 0.000

Type  : Slow 1200mV -40C Model Minimum Pulse Width 'clk_20mhz'
Slack : 24.889
TNS   : 0.000

Type  : Fast 1200mV -40C Model Minimum Pulse Width 'pll_inst|altpll_component|auto_generated|pll1|clk[0]'
Slack : 6.212
TNS   : 0.000

Type  : Fast 1200mV -40C Model Minimum Pulse Width 'CLK_P'
Slack : 6.250
TNS   : 0.000

Type  : Fast 1200mV -40C Model Minimum Pulse Width 'clk_20mhz'
Slack : 24.629
TNS   : 0.000

------------------------------------------------------------
