------------------------------------------------------------
TimeQuest Timing Analyzer Summary
------------------------------------------------------------

Type  : Slow 1200mV 125C Model Setup 'pll_inst|altpll_component|auto_generated|pll1|clk[0]'
Slack : 5.451
TNS   : 0.000

Type  : Slow 1200mV 125C Model Hold 'pll_inst|altpll_component|auto_generated|pll1|clk[0]'
Slack : 0.406
TNS   : 0.000

Type  : Slow 1200mV 125C Model Minimum Pulse Width 'pll_inst|altpll_component|auto_generated|pll1|clk[0]'
Slack : 5.911
TNS   : 0.000

Type  : Slow 1200mV 125C Model Minimum Pulse Width 'clk_20mhz'
Slack : 24.865
TNS   : 0.000

Type  : Slow 1200mV -40C Model Setup 'pll_inst|altpll_component|auto_generated|pll1|clk[0]'
Slack : 6.175
TNS   : 0.000

Type  : Slow 1200mV -40C Model Hold 'pll_inst|altpll_component|auto_generated|pll1|clk[0]'
Slack : 0.344
TNS   : 0.000

Type  : Slow 1200mV -40C Model Minimum Pulse Width 'pll_inst|altpll_component|auto_generated|pll1|clk[0]'
Slack : 5.922
TNS   : 0.000

Type  : Slow 1200mV -40C Model Minimum Pulse Width 'clk_20mhz'
Slack : 24.889
TNS   : 0.000

Type  : Fast 1200mV -40C Model Setup 'pll_inst|altpll_component|auto_generated|pll1|clk[0]'
Slack : 9.160
TNS   : 0.000

Type  : Fast 1200mV -40C Model Hold 'pll_inst|altpll_component|auto_generated|pll1|clk[0]'
Slack : 0.165
TNS   : 0.000

Type  : Fast 1200mV -40C Model Minimum Pulse Width 'pll_inst|altpll_component|auto_generated|pll1|clk[0]'
Slack : 5.951
TNS   : 0.000

Type  : Fast 1200mV -40C Model Minimum Pulse Width 'clk_20mhz'
Slack : 24.629
TNS   : 0.000

------------------------------------------------------------
