------------------------------------------------------------
TimeQuest Timing Analyzer Summary
------------------------------------------------------------

Type  : Slow 1200mV 125C Model Setup 'pll_inst|altpll_component|auto_generated|pll1|clk[0]'
Slack : 4.729
TNS   : 0.000

Type  : Slow 1200mV 125C Model Hold 'pll_inst|altpll_component|auto_generated|pll1|clk[0]'
Slack : 0.428
TNS   : 0.000

Type  : Slow 1200mV 125C Model Minimum Pulse Width 'pll_inst|altpll_component|auto_generated|pll1|clk[0]'
Slack : 5.909
TNS   : 0.000

Type  : Slow 1200mV 125C Model Minimum Pulse Width 'clk_20mhz'
Slack : 24.865
TNS   : 0.000

Type  : Slow 1200mV -40C Model Setup 'pll_inst|altpll_component|auto_generated|pll1|clk[0]'
Slack : 5.641
TNS   : 0.000

Type  : Slow 1200mV -40C Model Hold 'pll_inst|altpll_component|auto_generated|pll1|clk[0]'
Slack : 0.344
TNS   : 0.000

Type  : Slow 1200mV -40C Model Minimum Pulse Width 'pll_inst|altpll_component|auto_generated|pll1|clk[0]'
Slack : 5.921
TNS   : 0.000

Type  : Slow 1200mV -40C Model Minimum Pulse Width 'clk_20mhz'
Slack : 24.889
TNS   : 0.000

Type  : Fast 1200mV -40C Model Setup 'pll_inst|altpll_component|auto_generated|pll1|clk[0]'
Slack : 8.835
TNS   : 0.000

Type  : Fast 1200mV -40C Model Hold 'pll_inst|altpll_component|auto_generated|pll1|clk[0]'
Slack : 0.179
TNS   : 0.000

Type  : Fast 1200mV -40C Model Minimum Pulse Width 'pll_inst|altpll_component|auto_generated|pll1|clk[0]'
Slack : 5.951
TNS   : 0.000

Type  : Fast 1200mV -40C Model Minimum Pulse Width 'clk_20mhz'
Slack : 24.629
TNS   : 0.000

------------------------------------------------------------
