------------------------------------------------------------
TimeQuest Timing Analyzer Summary
------------------------------------------------------------

Type  : Slow 1200mV 125C Model Setup 'pll_inst|altpll_component|auto_generated|pll1|clk[0]'
Slack : 5.068
TNS   : 0.000

Type  : Slow 1200mV 125C Model Hold 'pll_inst|altpll_component|auto_generated|pll1|clk[0]'
Slack : 0.291
TNS   : 0.000

Type  : Slow 1200mV 125C Model Minimum Pulse Width 'pll_inst|altpll_component|auto_generated|pll1|clk[0]'
Slack : 5.912
TNS   : 0.000

Type  : Slow 1200mV 125C Model Minimum Pulse Width 'clk_20mhz'
Slack : 24.865
TNS   : 0.000

Type  : Slow 1200mV -40C Model Setup 'pll_inst|altpll_component|auto_generated|pll1|clk[0]'
Slack : 5.863
TNS   : 0.000

Type  : Slow 1200mV -40C Model Hold 'pll_inst|altpll_component|auto_generated|pll1|clk[0]'
Slack : 0.308
TNS   : 0.000

Type  : Slow 1200mV -40C Model Minimum Pulse Width 'pll_inst|altpll_component|auto_generated|pll1|clk[0]'
Slack : 5.921
TNS   : 0.000

Type  : Slow 1200mV -40C Model Minimum Pulse Width 'clk_20mhz'
Slack : 24.889
TNS   : 0.000

Type  : Fast 1200mV -40C Model Setup 'pll_inst|altpll_component|auto_generated|pll1|clk[0]'
Slack : 8.938
TNS   : 0.000

Type  : Fast 1200mV -40C Model Hold 'pll_inst|altpll_component|auto_generated|pll1|clk[0]'
Slack : 0.107
TNS   : 0.000

Type  : Fast 1200mV -40C Model Minimum Pulse Width 'pll_inst|altpll_component|auto_generated|pll1|clk[0]'
Slack : 5.951
TNS   : 0.000

Type  : Fast 1200mV -40C Model Minimum Pulse Width 'clk_20mhz'
Slack : 24.629
TNS   : 0.000

------------------------------------------------------------
