../Core/Src/main.c:87:17:convert_to_timestamp	16	static
../Core/Src/main.c:100:13:convert_from_timestamp	24	static
../Core/Src/main.c:120:13:save_to_flash	64	static
../Core/Src/main.c:150:26:read_from_flash	32	static
../Core/Src/main.c:167:13:blink_led	16	static
../Core/Src/main.c:180:13:is_rtc_initialized	8	static
../Core/Src/main.c:188:13:initialize_rtc	32	static
../Core/Src/main.c:210:5:main	296	static
../Core/Src/main.c:293:6:SystemClock_Config	104	static
../Core/Src/main.c:325:6:Error_Handler	4	static,ignoring_inline_asm
