../Core/Src/main.c:80:16:days_in_month	32	static
../Core/Src/main.c:91:17:convert_to_timestamp	56	static
../Core/Src/main.c:109:13:convert_from_timestamp	48	static
../Core/Src/main.c:125:13:is_data_valid	16	static
../Core/Src/main.c:131:13:save_to_flash	136	static
../Core/Src/main.c:165:26:read_from_flash	48	static
../Core/Src/main.c:181:13:blink_led	16	static
../Core/Src/main.c:191:13:is_rtc_initialized	8	static
../Core/Src/main.c:196:13:initialize_rtc	32	static
../Core/Src/main.c:214:6:HAL_UART_RxCpltCallback	16	static
../Core/Src/main.c:230:13:process_uart_command	88	static
../Core/Src/main.c:269:13:send_current_datetime	144	static
../Core/Src/main.c:287:13:update_calendar	56	static
../Core/Src/main.c:317:5:main	80	static
../Core/Src/main.c:380:6:SystemClock_Config	104	static
../Core/Src/main.c:412:6:Error_Handler	8	static,ignoring_inline_asm
