Archive member included to satisfy reference by file (symbol)

../Middlewares/ST/ARM/DSP/Lib\libarm_cortexM4lf_math.a(arm_copy_f32.o)
                              ./Core/Src/main.o (arm_copy_f32)
../Middlewares/ST/ARM/DSP/Lib\libarm_cortexM4lf_math.a(arm_std_f32.o)
                              ./Core/Src/main.o (arm_std_f32)
../Middlewares/ST/ARM/DSP/Lib\libarm_cortexM4lf_math.a(arm_mean_f32.o)
                              ./Core/Src/main.o (arm_mean_f32)
../Middlewares/ST/ARM/DSP/Lib\libarm_cortexM4lf_math.a(arm_scale_f32.o)
                              ./Core/Src/main.o (arm_scale_f32)
../Middlewares/ST/ARM/DSP/Lib\libarm_cortexM4lf_math.a(arm_offset_f32.o)
                              ./Core/Src/main.o (arm_offset_f32)
../Middlewares/ST/ARM/DSP/Lib\libarm_cortexM4lf_math.a(arm_var_f32.o)
                              ../Middlewares/ST/ARM/DSP/Lib\libarm_cortexM4lf_math.a(arm_std_f32.o) (arm_var_f32)
C:/ST/STM32CubeIDE_1.18.1/STM32CubeIDE/plugins/com.st.stm32cube.ide.mcu.externaltools.gnu-tools-for-stm32.13.3.rel1.win32_1.0.0.202411081344/tools/bin/../lib/gcc/arm-none-eabi/13.3.1/../../../../arm-none-eabi/lib/thumb/v7e-m+fp/hard\libc_nano.a(libc_a-atof.o)
                              ./Core/Src/main.o (atof)
C:/ST/STM32CubeIDE_1.18.1/STM32CubeIDE/plugins/com.st.stm32cube.ide.mcu.externaltools.gnu-tools-for-stm32.13.3.rel1.win32_1.0.0.202411081344/tools/bin/../lib/gcc/arm-none-eabi/13.3.1/../../../../arm-none-eabi/lib/thumb/v7e-m+fp/hard\libc_nano.a(libc_a-atoi.o)
                              ./Core/Src/main.o (atoi)
C:/ST/STM32CubeIDE_1.18.1/STM32CubeIDE/plugins/com.st.stm32cube.ide.mcu.externaltools.gnu-tools-for-stm32.13.3.rel1.win32_1.0.0.202411081344/tools/bin/../lib/gcc/arm-none-eabi/13.3.1/../../../../arm-none-eabi/lib/thumb/v7e-m+fp/hard\libc_nano.a(libc_a-exit.o)
                              C:/ST/STM32CubeIDE_1.18.1/STM32CubeIDE/plugins/com.st.stm32cube.ide.mcu.externaltools.gnu-tools-for-stm32.13.3.rel1.win32_1.0.0.202411081344/tools/bin/../lib/gcc/arm-none-eabi/13.3.1/../../../../arm-none-eabi/lib/thumb/v7e-m+fp/hard/crt0.o (exit)
C:/ST/STM32CubeIDE_1.18.1/STM32CubeIDE/plugins/com.st.stm32cube.ide.mcu.externaltools.gnu-tools-for-stm32.13.3.rel1.win32_1.0.0.202411081344/tools/bin/../lib/gcc/arm-none-eabi/13.3.1/../../../../arm-none-eabi/lib/thumb/v7e-m+fp/hard\libc_nano.a(libc_a-rand.o)
                              ./Core/Src/main.o (srand)
C:/ST/STM32CubeIDE_1.18.1/STM32CubeIDE/plugins/com.st.stm32cube.ide.mcu.externaltools.gnu-tools-for-stm32.13.3.rel1.win32_1.0.0.202411081344/tools/bin/../lib/gcc/arm-none-eabi/13.3.1/../../../../arm-none-eabi/lib/thumb/v7e-m+fp/hard\libc_nano.a(libc_a-strtod.o)
                              C:/ST/STM32CubeIDE_1.18.1/STM32CubeIDE/plugins/com.st.stm32cube.ide.mcu.externaltools.gnu-tools-for-stm32.13.3.rel1.win32_1.0.0.202411081344/tools/bin/../lib/gcc/arm-none-eabi/13.3.1/../../../../arm-none-eabi/lib/thumb/v7e-m+fp/hard\libc_nano.a(libc_a-atof.o) (strtod)
C:/ST/STM32CubeIDE_1.18.1/STM32CubeIDE/plugins/com.st.stm32cube.ide.mcu.externaltools.gnu-tools-for-stm32.13.3.rel1.win32_1.0.0.202411081344/tools/bin/../lib/gcc/arm-none-eabi/13.3.1/../../../../arm-none-eabi/lib/thumb/v7e-m+fp/hard\libc_nano.a(libc_a-strtol.o)
                              C:/ST/STM32CubeIDE_1.18.1/STM32CubeIDE/plugins/com.st.stm32cube.ide.mcu.externaltools.gnu-tools-for-stm32.13.3.rel1.win32_1.0.0.202411081344/tools/bin/../lib/gcc/arm-none-eabi/13.3.1/../../../../arm-none-eabi/lib/thumb/v7e-m+fp/hard\libc_nano.a(libc_a-atoi.o) (_strtol_r)
C:/ST/STM32CubeIDE_1.18.1/STM32CubeIDE/plugins/com.st.stm32cube.ide.mcu.externaltools.gnu-tools-for-stm32.13.3.rel1.win32_1.0.0.202411081344/tools/bin/../lib/gcc/arm-none-eabi/13.3.1/../../../../arm-none-eabi/lib/thumb/v7e-m+fp/hard\libc_nano.a(libc_a-ctype_.o)
                              C:/ST/STM32CubeIDE_1.18.1/STM32CubeIDE/plugins/com.st.stm32cube.ide.mcu.externaltools.gnu-tools-for-stm32.13.3.rel1.win32_1.0.0.202411081344/tools/bin/../lib/gcc/arm-none-eabi/13.3.1/../../../../arm-none-eabi/lib/thumb/v7e-m+fp/hard\libc_nano.a(libc_a-strtol.o) (_ctype_)
C:/ST/STM32CubeIDE_1.18.1/STM32CubeIDE/plugins/com.st.stm32cube.ide.mcu.externaltools.gnu-tools-for-stm32.13.3.rel1.win32_1.0.0.202411081344/tools/bin/../lib/gcc/arm-none-eabi/13.3.1/../../../../arm-none-eabi/lib/thumb/v7e-m+fp/hard\libc_nano.a(libc_a-nano-vfprintf_float.o)
                              (_printf_float)
C:/ST/STM32CubeIDE_1.18.1/STM32CubeIDE/plugins/com.st.stm32cube.ide.mcu.externaltools.gnu-tools-for-stm32.13.3.rel1.win32_1.0.0.202411081344/tools/bin/../lib/gcc/arm-none-eabi/13.3.1/../../../../arm-none-eabi/lib/thumb/v7e-m+fp/hard\libc_nano.a(libc_a-nano-vfprintf_i.o)
[...]
Memory Configuration

Name             Origin             Length             Attributes
CCMRAM           0x10000000         0x00010000         xrw
RAM              0x20000000         0x00020000         xrw
FLASH            0x08000000         0x00100000         xr
*default*        0x00000000         0xffffffff

Linker script and memory map

LOAD C:/ST/STM32CubeIDE_1.18.1/STM32CubeIDE/plugins/com.st.stm32cube.ide.mcu.externaltools.gnu-tools-for-stm32.13.3.rel1.win32_1.0.0.202411081344/tools/bin/../lib/gcc/arm-none-eabi/13.3.1/thumb/v7e-m+fp/hard/crti.o
LOAD C:/ST/STM32CubeIDE_1.18.1/STM32CubeIDE/plugins/com.st.stm32cube.ide.mcu.externaltools.gnu-tools-for-stm32.13.3.rel1.win32_1.0.0.202411081344/tools/bin/../lib/gcc/arm-none-eabi/13.3.1/thumb/v7e-m+fp/hard/crtbegin.o
LOAD C:/ST/STM32CubeIDE_1.18.1/STM32CubeIDE/plugins/com.st.stm32cube.ide.mcu.externaltools.gnu-tools-for-stm32.13.3.rel1.win32_1.0.0.202411081344/tools/bin/../lib/gcc/arm-none-eabi/13.3.1/../../../../arm-none-eabi/lib/thumb/v7e-m+fp/hard/crt0.o
LOAD ./Core/Src/main.o
LOAD ./Core/Src/stm32f4xx_hal_msp.o
LOAD ./Core/Src/stm32f4xx_it.o
LOAD ./Core/Src/syscalls.o
LOAD ./Core/Src/sysmem.o
LOAD ./Core/Src/system_stm32f4xx.o
LOAD ./Core/Startup/startup_stm32f405vgtx.o
LOAD ./Drivers/STM32F4xx_HAL_Driver/Src/stm32f4xx_hal.o
LOAD ./Drivers/STM32F4xx_HAL_Driver/Src/stm32f4xx_hal_cortex.o
LOAD ./Drivers/STM32F4xx_HAL_Driver/Src/stm32f4xx_hal_dac.o
LOAD ./Drivers/STM32F4xx_HAL_Driver/Src/stm32f4xx_hal_dac_ex.o
LOAD ./Drivers/STM32F4xx_HAL_Driver/Src/stm32f4xx_hal_dma.o
LOAD ./Drivers/STM32F4xx_HAL_Driver/Src/stm32f4xx_hal_dma_ex.o
LOAD ./Drivers/STM32F4xx_HAL_Driver/Src/stm32f4xx_hal_exti.o
LOAD ./Drivers/STM32F4xx_HAL_Driver/Src/stm32f4xx_hal_flash.o
LOAD ./Drivers/STM32F4xx_HAL_Driver/Src/stm32f4xx_hal_flash_ex.o
LOAD ./Drivers/STM32F4xx_HAL_Driver/Src/stm32f4xx_hal_flash_ramfunc.o
LOAD ./Drivers/STM32F4xx_HAL_Driver/Src/stm32f4xx_hal_gpio.o
LOAD ./Drivers/STM32F4xx_HAL_Driver/Src/stm32f4xx_hal_nand.o
LOAD ./Drivers/STM32F4xx_HAL_Driver/Src/stm32f4xx_hal_nor.o
LOAD ./Drivers/STM32F4xx_HAL_Driver/Src/stm32f4xx_hal_pccard.o
LOAD ./Drivers/STM32F4xx_HAL_Driver/Src/stm32f4xx_hal_pcd.o
LOAD ./Drivers/STM32F4xx_HAL_Driver/Src/stm32f4xx_hal_pcd_ex.o
LOAD ./Drivers/STM32F4xx_HAL_Driver/Src/stm32f4xx_hal_pwr.o
LOAD ./Drivers/STM32F4xx_HAL_Driver/Src/stm32f4xx_hal_pwr_ex.o
LOAD ./Drivers/STM32F4xx_HAL_Driver/Src/stm32f4xx_hal_rcc.o
LOAD ./Drivers/STM32F4xx_HAL_Driver/Src/stm32f4xx_hal_rcc_ex.o
LOAD ./Drivers/STM32F4xx_HAL_Driver/Src/stm32f4xx_hal_spi.o
LOAD ./Drivers/STM32F4xx_HAL_Driver/Src/stm32f4xx_hal_sram.o
LOAD ./Drivers/STM32F4xx_HAL_Driver/Src/stm32f4xx_hal_tim.o
LOAD ./Drivers/STM32F4xx_HAL_Driver/Src/stm32f4xx_hal_tim_ex.o
LOAD ./Drivers/STM32F4xx_HAL_Driver/Src/stm32f4xx_hal_uart.o
LOAD ./Drivers/STM32F4xx_HAL_Driver/Src/stm32f4xx_ll_fsmc.o
LOAD ./Drivers/STM32F4xx_HAL_Driver/Src/stm32f4xx_ll_usb.o
LOAD ./Drivers/sx126x_driver/src/lr_fhss_mac.o
LOAD ./Drivers/sx126x_driver/src/sx126x.o
LOAD ./Drivers/sx126x_driver/src/sx126x_driver_version.o
LOAD ./Drivers/sx126x_driver/src/sx126x_hal.o
LOAD ./Drivers/sx126x_driver/src/sx126x_lr_fhss.o
LOAD ./Middlewares/ST/STM32_USB_Device_Library/Class/CDC/Src/usbd_cdc.o
LOAD ./Middlewares/ST/STM32_USB_Device_Library/Core/Src/usbd_core.o
LOAD ./Middlewares/ST/STM32_USB_Device_Library/Core/Src/usbd_ctlreq.o
LOAD ./Middlewares/ST/STM32_USB_Device_Library/Core/Src/usbd_ioreq.o
LOAD ./USB_DEVICE/App/usb_device.o
LOAD ./USB_DEVICE/App/usbd_cdc_if.o
LOAD ./USB_DEVICE/App/usbd_desc.o
LOAD ./USB_DEVICE/Target/usbd_conf.o
LOAD ../Middlewares/ST/ARM/DSP/Lib\libarm_cortexM4lf_math.a
START GROUP
LOAD C:/ST/STM32CubeIDE_1.18.1/STM32CubeIDE/plugins/com.st.stm32cube.ide.mcu.externaltools.gnu-tools-for-stm32.13.3.rel1.win32_1.0.0.202411081344/tools/bin/../lib/gcc/arm-none-eabi/13.3.1/../../../../arm-none-eabi/lib/thumb/v7e-m+fp/hard\libc_nano.a
LOAD C:/ST/STM32CubeIDE_1.18.1/STM32CubeIDE/plugins/com.st.stm32cube.ide.mcu.externaltools.gnu-tools-for-stm32.13.3.rel1.win32_1.0.0.202411081344/tools/bin/../lib/gcc/arm-none-eabi/13.3.1/../../../../arm-none-eabi/lib/thumb/v7e-m+fp/hard\libm.a
END GROUP
START GROUP
LOAD C:/ST/STM32CubeIDE_1.18.1/STM32CubeIDE/plugins/com.st.stm32cube.ide.mcu.externaltools.gnu-tools-for-stm32.13.3.rel1.win32_1.0.0.202411081344/tools/bin/../lib/gcc/arm-none-eabi/13.3.1/thumb/v7e-m+fp/hard\libgcc.a
LOAD C:/ST/STM32CubeIDE_1.18.1/STM32CubeIDE/plugins/com.st.stm32cube.ide.mcu.externaltools.gnu-tools-for-stm32.13.3.rel1.win32_1.0.0.202411081344/tools/bin/../lib/gcc/arm-none-eabi/13.3.1/../../../../arm-none-eabi/lib/thumb/v7e-m+fp/hard\libc_nano.a
END GROUP
START GROUP
LOAD C:/ST/STM32CubeIDE_1.18.1/STM32CubeIDE/plugins/com.st.stm32cube.ide.mcu.externaltools.gnu-tools-for-stm32.13.3.rel1.win32_1.0.0.202411081344/tools/bin/../lib/gcc/arm-none-eabi/13.3.1/thumb/v7e-m+fp/hard\libgcc.a
LOAD C:/ST/STM32CubeIDE_1.18.1/STM32CubeIDE/plugins/com.st.stm32cube.ide.mcu.externaltools.gnu-tools-for-stm32.13.3.rel1.win32_1.0.0.202411081344/tools/bin/../lib/gcc/arm-none-eabi/13.3.1/../../../../arm-none-eabi/lib/thumb/v7e-m+fp/hard\libc_nano.a
LOAD C:/ST/STM32CubeIDE_1.18.1/STM32CubeIDE/plugins/com.st.stm32cube.ide.mcu.externaltools.gnu-tools-for-stm32.13.3.rel1.win32_1.0.0.202411081344/tools/bin/../lib/gcc/arm-none-eabi/13.3.1/../../../../arm-none-eabi/lib/thumb/v7e-m+fp/hard\libnosys.a
END GROUP
START GROUP
LOAD C:/ST/STM32CubeIDE_1.18.1/STM32CubeIDE/plugins/com.st.stm32cube.ide.mcu.externaltools.gnu-tools-for-stm32.13.3.rel1.win32_1.0.0.202411081344/tools/bin/../lib/gcc/arm-none-eabi/13.3.1/thumb/v7e-m+fp/hard\libgcc.a
LOAD C:/ST/STM32CubeIDE_1.18.1/STM32CubeIDE/plugins/com.st.stm32cube.ide.mcu.externaltools.gnu-tools-for-stm32.13.3.rel1.win32_1.0.0.202411081344/tools/bin/../lib/gcc/arm-none-eabi/13.3.1/../../../../arm-none-eabi/lib/thumb/v7e-m+fp/hard\libc_nano.a
LOAD C:/ST/STM32CubeIDE_1.18.1/STM32CubeIDE/plugins/com.st.stm32cube.ide.mcu.externaltools.gnu-tools-for-stm32.13.3.rel1.win32_1.0.0.202411081344/tools/bin/../lib/gcc/arm-none-eabi/13.3.1/../../../../arm-none-eabi/lib/thumb/v7e-m+fp/hard\libnosys.a
END GROUP
LOAD C:/ST/STM32CubeIDE_1.18.1/STM32CubeIDE/plugins/com.st.stm32cube.ide.mcu.externaltools.gnu-tools-for-stm32.13.3.rel1.win32_1.0.0.202411081344/tools/bin/../lib/gcc/arm-none-eabi/13.3.1/thumb/v7e-m+fp/hard/crtend.o
LOAD C:/ST/STM32CubeIDE_1.18.1/STM32CubeIDE/plugins/com.st.stm32cube.ide.mcu.externaltools.gnu-tools-for-stm32.13.3.rel1.win32_1.0.0.202411081344/tools/bin/../lib/gcc/arm-none-eabi/13.3.1/thumb/v7e-m+fp/hard/crtn.o
                0x20020000                        _estack = (ORIGIN (RAM) + LENGTH (RAM))
                0x00000200                        _Min_Heap_Size = 0x200
                0x00000400                        _Min_Stack_Size = 0x400

.isr_vector     0x08000000      0x188
                0x08000000                        . = ALIGN (0x4)
 *(.isr_vector)
 .isr_vector    0x08000000      0x188 ./Core/Startup/startup_stm32f405vgtx.o
                0x08000000                g_pfnVectors
                0x08000188                        . = ALIGN (0x4)

.text           0x08000190    0x12d34
                0x08000190                        . = ALIGN (0x4)
 *(.text)
 .text          0x08000190       0x40 C:/ST/STM32CubeIDE_1.18.1/STM32CubeIDE/plugins/com.st.stm32cube.ide.mcu.externaltools.gnu-tools-for-stm32.13.3.rel1.win32_1.0.0.202411081344/tools/bin/../lib/gcc/arm-none-eabi/13.3.1/thumb/v7e-m+fp/hard/crtbegin.o
 .text          0x080001d0       0x14 C:/ST/STM32CubeIDE_1.18.1/STM32CubeIDE/plugins/com.st.stm32cube.ide.mcu.externaltools.gnu-tools-for-stm32.13.3.rel1.win32_1.0.0.202411081344/tools/bin/../lib/gcc/arm-none-eabi/13.3.1/../../../../arm-none-eabi/lib/thumb/v7e-m+fp/hard\libc_nano.a(libc_a-strcmp.o)
                0x080001d0                strcmp
 *fill*         0x080001e4        0xc 
 .text          0x080001f0       0xa0 C:/ST/STM32CubeIDE_1.18.1/STM32CubeIDE/plugins/com.st.stm32cube.ide.mcu.externaltools.gnu-tools-for-stm32.13.3.rel1.win32_1.0.0.202411081344/tools/bin/../lib/gcc/arm-none-eabi/13.3.1/../../../../arm-none-eabi/lib/thumb/v7e-m+fp/hard\libc_nano.a(libc_a-memchr.o)
                0x080001f0                memchr
 .text          0x08000290       0x10 C:/ST/STM32CubeIDE_1.18.1/STM32CubeIDE/plugins/com.st.stm32cube.ide.mcu.externaltools.gnu-tools-for-stm32.13.3.rel1.win32_1.0.0.202411081344/tools/bin/../lib/gcc/arm-none-eabi/13.3.1/../../../../arm-none-eabi/lib/thumb/v7e-m+fp/hard\libc_nano.a(libc_a-strlen.o)
                0x08000290                strlen
 .text          0x080002a0      0x378 C:/ST/STM32CubeIDE_1.18.1/STM32CubeIDE/plugins/com.st.stm32cube.ide.mcu.externaltools.gnu-tools-for-stm32.13.3.rel1.win32_1.0.0.202411081344/tools/bin/../lib/gcc/arm-none-eabi/13.3.1/thumb/v7e-m+fp/hard\libgcc.a(_arm_addsubdf3.o)
                0x080002a0                __aeabi_drsub
                0x080002a8                __aeabi_dsub
                0x080002a8                __subdf3
                0x080002ac                __aeabi_dadd
                0x080002ac                __adddf3
                0x08000524                __floatunsidf
                0x08000524                __aeabi_ui2d
                0x08000544                __floatsidf
                0x08000544                __aeabi_i2d
                0x08000568                __aeabi_f2d
                0x08000568                __extendsfdf2
                0x080005ac                __floatundidf
                0x080005ac                __aeabi_ul2d
                0x080005bc                __floatdidf
                0x080005bc                __aeabi_l2d
 .text          0x08000618      0x424 C:/ST/STM32CubeIDE_1.18.1/STM32CubeIDE/plugins/com.st.stm32cube.ide.mcu.externaltools.gnu-tools-for-stm32.13.3.rel1.win32_1.0.0.202411081344/tools/bin/../lib/gcc/arm-none-eabi/13.3.1/thumb/v7e-m+fp/hard\libgcc.a(_arm_muldivdf3.o)
                0x08000618                __aeabi_dmul
                0x08000618                __muldf3
                0x0800086c                __divdf3
                0x0800086c                __aeabi_ddiv
 .text          0x08000a3c      0x110 C:/ST/STM32CubeIDE_1.18.1/STM32CubeIDE/plugins/com.st.stm32cube.ide.mcu.externaltools.gnu-tools-for-stm32.13.3.rel1.win32_1.0.0.202411081344/tools/bin/../lib/gcc/arm-none-eabi/13.3.1/thumb/v7e-m+fp/hard\libgcc.a(_arm_cmpdf2.o)
                0x08000a3c                __gtdf2
                0x08000a3c                __gedf2
                0x08000a44                __ltdf2
                0x08000a44                __ledf2
                0x08000a4c                __nedf2
                0x08000a4c                __eqdf2
                0x08000a4c                __cmpdf2
                0x08000ac8                __aeabi_cdrcmple
                0x08000ad8                __aeabi_cdcmpeq
                0x08000ad8                __aeabi_cdcmple
                0x08000ae8                __aeabi_dcmpeq
                0x08000afc                __aeabi_dcmplt
                0x08000b10                __aeabi_dcmple
                0x08000b24                __aeabi_dcmpge
                0x08000b38                __aeabi_dcmpgt
 .text          0x08000b4c       0x2c C:/ST/STM32CubeIDE_1.18.1/STM32CubeIDE/plugins/com.st.stm32cube.ide.mcu.externaltools.gnu-tools-for-stm32.13.3.rel1.win32_1.0.0.202411081344/tools/bin/../lib/gcc/arm-none-eabi/13.3.1/thumb/v7e-m+fp/hard\libgcc.a(_arm_unorddf2.o)
                0x08000b4c                __unorddf2
                0x08000b4c                __aeabi_dcmpun
 .text          0x08000b78       0x50 C:/ST/STM32CubeIDE_1.18.1/STM32CubeIDE/plugins/com.st.stm32cube.ide.mcu.externaltools.gnu-tools-for-stm32.13.3.rel1.win32_1.0.0.202411081344/tools/bin/../lib/gcc/arm-none-eabi/13.3.1/thumb/v7e-m+fp/hard\libgcc.a(_arm_fixdfsi.o)
                0x08000b78                __aeabi_d2iz
                0x08000b78                __fixdfsi
 .text          0x08000bc8       0x40 C:/ST/STM32CubeIDE_1.18.1/STM32CubeIDE/plugins/com.st.stm32cube.ide.mcu.externaltools.gnu-tools-for-stm32.13.3.rel1.win32_1.0.0.202411081344/tools/bin/../lib/gcc/arm-none-eabi/13.3.1/thumb/v7e-m+fp/hard\libgcc.a(_arm_fixunsdfsi.o)
                0x08000bc8                __aeabi_d2uiz
                0x08000bc8                __fixunsdfsi
 .text          0x08000c08       0xa0 C:/ST/STM32CubeIDE_1.18.1/STM32CubeIDE/plugins/com.st.stm32cube.ide.mcu.externaltools.gnu-tools-for-stm32.13.3.rel1.win32_1.0.0.202411081344/tools/bin/../lib/gcc/arm-none-eabi/13.3.1/thumb/v7e-m+fp/hard\libgcc.a(_arm_truncdfsf2.o)
                0x08000c08                __truncdfsf2
                0x08000c08                __aeabi_d2f
 .text          0x08000ca8       0x30 C:/ST/STM32CubeIDE_1.18.1/STM32CubeIDE/plugins/com.st.stm32cube.ide.mcu.externaltools.gnu-tools-for-stm32.13.3.rel1.win32_1.0.0.202411081344/tools/bin/../lib/gcc/arm-none-eabi/13.3.1/thumb/v7e-m+fp/hard\libgcc.a(_aeabi_uldivmod.o)
                0x08000ca8                __aeabi_uldivmod
 .text          0x08000cd8       0x30 C:/ST/STM32CubeIDE_1.18.1/STM32CubeIDE/plugins/com.st.stm32cube.ide.mcu.externaltools.gnu-tools-for-stm32.13.3.rel1.win32_1.0.0.202411081344/tools/bin/../lib/gcc/arm-none-eabi/13.3.1/thumb/v7e-m+fp/hard\libgcc.a(_fixdfdi.o)
                0x08000cd8                __fixdfdi
                0x08000cd8                __aeabi_d2lz
 .text          0x08000d08       0x3c C:/ST/STM32CubeIDE_1.18.1/STM32CubeIDE/plugins/com.st.stm32cube.ide.mcu.externaltools.gnu-tools-for-stm32.13.3.rel1.win32_1.0.0.202411081344/tools/bin/../lib/gcc/arm-none-eabi/13.3.1/thumb/v7e-m+fp/hard\libgcc.a(_fixunsdfdi.o)
                0x08000d08                __fixunsdfdi
                0x08000d08                __aeabi_d2ulz
 .text          0x08000d44      0x2f8 C:/ST/STM32CubeIDE_1.18.1/STM32CubeIDE/plugins/com.st.stm32cube.ide.mcu.externaltools.gnu-tools-for-stm32.13.3.rel1.win32_1.0.0.202411081344/tools/bin/../lib/gcc/arm-none-eabi/13.3.1/thumb/v7e-m+fp/hard\libgcc.a(_udivmoddi4.o)
                0x08000d44                __udivmoddi4
 .text          0x0800103c        0x4 C:/ST/STM32CubeIDE_1.18.1/STM32CubeIDE/plugins/com.st.stm32cube.ide.mcu.externaltools.gnu-tools-for-stm32.13.3.rel1.win32_1.0.0.202411081344/tools/bin/../lib/gcc/arm-none-eabi/13.3.1/thumb/v7e-m+fp/hard\libgcc.a(_dvmd_tls.o)
                0x0800103c                __aeabi_idiv0
                0x0800103c                __aeabi_ldiv0
 *(.text*)
 .text.CalculateCRC32
                0x08001040       0x70 ./Core/Src/main.o
                0x08001040                CalculateCRC32
 .text.LoadParametersFromFlash
                0x080010b0       0x70 ./Core/Src/main.o
                0x080010b0                LoadParametersFromFlash
 .text.SaveParametersToFlash
                0x08001120       0x80 ./Core/Src/main.o
                0x08001120                SaveParametersToFlash
 .text.InitializeParameters
                0x080011a0       0x94 ./Core/Src/main.o
                0x080011a0                InitializeParameters
 .text.SendUSBDebugMessage
                0x08001234       0x48 ./Core/Src/main.o
                0x08001234                SendUSBDebugMessage
 .text.ParseParameters
                0x0800127c      0x394 ./Core/Src/main.o
                0x0800127c                ParseParameters
 .text.SendParametersResponse
                0x08001610      0x114 ./Core/Src/main.o
                0x08001610                SendParametersResponse
 .text.GenerateStartPulse
                0x08001724       0x64 ./Core/Src/main.o
                0x08001724                GenerateStartPulse
 .text.ProcessUSBCommand
                0x08001788       0x2c ./Core/Src/main.o
                0x08001788                ProcessUSBCommand
 .text.NormalizeData
                0x080017b4       0xa8 ./Core/Src/main.o
                0x080017b4                NormalizeData
 .text.CalculateAutocorrelation
                0x0800185c       0xd4 ./Core/Src/main.o
                0x0800185c                CalculateAutocorrelation
 .text.FindMaxAutocorrelationIndex
                0x08001930       0x94 ./Core/Src/main.o
                0x08001930                FindMaxAutocorrelationIndex
 .text.CalculateZeroCrossingThickness
                0x080019c4      0x1ac ./Core/Src/main.o
                0x080019c4                CalculateZeroCrossingThickness
 .text.CalculateStrobeThickness
                0x08001b70      0x1b8 ./Core/Src/main.o
                0x08001b70                CalculateStrobeThickness
 .text.CalculateAndSendACFThickness
                0x08001d28       0xd0 ./Core/Src/main.o
                0x08001d28                CalculateAndSendACFThickness
 .text.PrintMeasurementDataToUSB
                0x08001df8      0x128 ./Core/Src/main.o
                0x08001df8                PrintMeasurementDataToUSB
 .text.CheckThreshold
                0x08001f20       0x70 ./Core/Src/main.o
                0x08001f20                CheckThreshold
 .text.AddRandomNoiseAndExtend
                0x08001f90       0xdc ./Core/Src/main.o
                0x08001f90                AddRandomNoiseAndExtend
 .text.ProcessCycle
                0x0800206c      0x134 ./Core/Src/main.o
                0x0800206c                ProcessCycle
 .text.ProcessDataByMethod
                0x080021a0      0x114 ./Core/Src/main.o
                0x080021a0                ProcessDataByMethod
 .text.SendDateTimeToBackupMCU
                0x080022b4       0x88 ./Core/Src/main.o
                0x080022b4                SendDateTimeToBackupMCU
 .text.ProcessUARTCommand
                0x0800233c      0xb58 ./Core/Src/main.o
                0x0800233c                ProcessUARTCommand
 .text.HAL_UART_RxCpltCallback
                0x08002e94       0xa8 ./Core/Src/main.o
                0x08002e94                HAL_UART_RxCpltCallback
 .text.Read_Thermocouple_Temperature
                0x08002f3c       0xec ./Core/Src/main.o
                0x08002f3c                Read_Thermocouple_Temperature
 .text.Get_Thermocouple_Temperature
                0x08003028       0x5c ./Core/Src/main.o
                0x08003028                Get_Thermocouple_Temperature
 .text.InitializeLoRa
                0x08003084      0x1e8 ./Core/Src/main.o
                0x08003084                InitializeLoRa
 .text.SendTestDataViaLoRa
                0x0800326c       0xd8 ./Core/Src/main.o
                0x0800326c                SendTestDataViaLoRa
 .text.main     0x08003344      0x254 ./Core/Src/main.o
                0x08003344                main
 .text.SystemClock_Config
                0x08003598       0xd4 ./Core/Src/main.o
                0x08003598                SystemClock_Config
 .text.MX_DAC_Init
                0x0800366c       0x54 ./Core/Src/main.o
 .text.MX_SPI2_Init
                0x080036c0       0x6c ./Core/Src/main.o
 .text.MX_TIM3_Init
                0x0800372c       0x9c ./Core/Src/main.o
 .text.MX_USART1_UART_Init
                0x080037c8       0x54 ./Core/Src/main.o
 .text.MX_GPIO_Init
                0x0800381c      0x198 ./Core/Src/main.o
 .text.MX_FSMC_Init
                0x080039b4       0xc0 ./Core/Src/main.o
 .text.Error_Handler
                0x08003a74        0x8 ./Core/Src/main.o
                0x08003a74                Error_Handler
 .text.HAL_MspInit
                0x08003a7c       0x50 ./Core/Src/stm32f4xx_hal_msp.o
                0x08003a7c                HAL_MspInit
 .text.HAL_DAC_MspInit
                0x08003acc       0x88 ./Core/Src/stm32f4xx_hal_msp.o
                0x08003acc                HAL_DAC_MspInit
 .text.HAL_SPI_MspInit
                0x08003b54       0x90 ./Core/Src/stm32f4xx_hal_msp.o
                0x08003b54                HAL_SPI_MspInit
 .text.HAL_TIM_Base_MspInit
                0x08003be4       0x50 ./Core/Src/stm32f4xx_hal_msp.o
                0x08003be4                HAL_TIM_Base_MspInit
 .text.HAL_UART_MspInit
                0x08003c34       0xa0 ./Core/Src/stm32f4xx_hal_msp.o
                0x08003c34                HAL_UART_MspInit
 .text.HAL_FSMC_MspInit
                0x08003cd4       0x98 ./Core/Src/stm32f4xx_hal_msp.o
 .text.HAL_SRAM_MspInit
                0x08003d6c       0x14 ./Core/Src/stm32f4xx_hal_msp.o
                0x08003d6c                HAL_SRAM_MspInit
 .text.NMI_Handler
                0x08003d80        0x8 ./Core/Src/stm32f4xx_it.o
                0x08003d80                NMI_Handler
 .text.HardFault_Handler
                0x08003d88        0x8 ./Core/Src/stm32f4xx_it.o
                0x08003d88                HardFault_Handler
 .text.MemManage_Handler
                0x08003d90        0x8 ./Core/Src/stm32f4xx_it.o
                0x08003d90                MemManage_Handler
 .text.BusFault_Handler
                0x08003d98        0x8 ./Core/Src/stm32f4xx_it.o
                0x08003d98                BusFault_Handler
 .text.UsageFault_Handler
                0x08003da0        0x8 ./Core/Src/stm32f4xx_it.o
                0x08003da0                UsageFault_Handler
 .text.SVC_Handler
                0x08003da8        0xe ./Core/Src/stm32f4xx_it.o
                0x08003da8                SVC_Handler
 .text.DebugMon_Handler
                0x08003db6        0xe ./Core/Src/stm32f4xx_it.o
                0x08003db6                DebugMon_Handler
 .text.PendSV_Handler
                0x08003dc4        0xe ./Core/Src/stm32f4xx_it.o
                0x08003dc4                PendSV_Handler
 .text.SysTick_Handler
                0x08003dd2        0xc ./Core/Src/stm32f4xx_it.o
                0x08003dd2                SysTick_Handler
 *fill*         0x08003dde        0x2 
 .text.TIM3_IRQHandler
                0x08003de0       0x14 ./Core/Src/stm32f4xx_it.o
                0x08003de0                TIM3_IRQHandler
 .text.USART1_IRQHandler
                0x08003df4       0x14 ./Core/Src/stm32f4xx_it.o
                0x08003df4                USART1_IRQHandler
 .text.OTG_FS_IRQHandler
                0x08003e08       0x14 ./Core/Src/stm32f4xx_it.o
                0x08003e08                OTG_FS_IRQHandler
 .text._getpid  0x08003e1c       0x10 ./Core/Src/syscalls.o
                0x08003e1c                _getpid
 .text._kill    0x08003e2c       0x20 ./Core/Src/syscalls.o
                0x08003e2c                _kill
 .text._exit    0x08003e4c       0x16 ./Core/Src/syscalls.o
                0x08003e4c                _exit
 .text._read    0x08003e62       0x3a ./Core/Src/syscalls.o
                0x08003e62                _read
 .text._write   0x08003e9c       0x38 ./Core/Src/syscalls.o
                0x08003e9c                _write
 .text._close   0x08003ed4       0x18 ./Core/Src/syscalls.o
                0x08003ed4                _close
 .text._fstat   0x08003eec       0x20 ./Core/Src/syscalls.o
                0x08003eec                _fstat
 .text._isatty  0x08003f0c       0x16 ./Core/Src/syscalls.o
                0x08003f0c                _isatty
 .text._lseek   0x08003f22       0x1a ./Core/Src/syscalls.o
                0x08003f22                _lseek
 .text._sbrk    0x08003f3c       0x6c ./Core/Src/sysmem.o
                0x08003f3c                _sbrk
 .text.SystemInit
                0x08003fa8       0x24 ./Core/Src/system_stm32f4xx.o
                0x08003fa8                SystemInit
 .text.Reset_Handler
                0x08003fcc       0x50 ./Core/Startup/startup_stm32f405vgtx.o
                0x08003fcc                Reset_Handler
 .text.Default_Handler
                0x0800401c        0x2 ./Core/Startup/startup_stm32f405vgtx.o
                0x0800401c                RTC_Alarm_IRQHandler
                0x0800401c                HASH_RNG_IRQHandler
                0x0800401c                EXTI2_IRQHandler
                0x0800401c                TIM8_CC_IRQHandler
                0x0800401c                TIM1_CC_IRQHandler
                0x0800401c                DMA2_Stream5_IRQHandler
                0x0800401c                DMA1_Stream5_IRQHandler
                0x0800401c                PVD_IRQHandler
                0x0800401c                SDIO_IRQHandler
                0x0800401c                TAMP_STAMP_IRQHandler
                0x0800401c                CAN2_RX1_IRQHandler
                0x0800401c                EXTI3_IRQHandler
                0x0800401c                TIM8_TRG_COM_TIM14_IRQHandler
                0x0800401c                TIM1_UP_TIM10_IRQHandler
                0x0800401c                TIM8_UP_TIM13_IRQHandler
                0x0800401c                I2C3_ER_IRQHandler
                0x0800401c                EXTI0_IRQHandler
                0x0800401c                I2C2_EV_IRQHandler
                0x0800401c                DMA1_Stream2_IRQHandler
                0x0800401c                CAN1_RX0_IRQHandler
                0x0800401c                FPU_IRQHandler
                0x0800401c                OTG_HS_WKUP_IRQHandler
                0x0800401c                CAN2_SCE_IRQHandler
                0x0800401c                DMA2_Stream2_IRQHandler
                0x0800401c                SPI1_IRQHandler
                0x0800401c                TIM6_DAC_IRQHandler
                0x0800401c                TIM1_BRK_TIM9_IRQHandler
                0x0800401c                CAN2_RX0_IRQHandler
                0x0800401c                DMA2_Stream3_IRQHandler
                0x0800401c                USART6_IRQHandler
                0x0800401c                USART3_IRQHandler
                0x0800401c                CAN1_RX1_IRQHandler
                0x0800401c                UART5_IRQHandler
                0x0800401c                DMA2_Stream0_IRQHandler
                0x0800401c                TIM4_IRQHandler
                0x0800401c                I2C1_EV_IRQHandler
                0x0800401c                DMA1_Stream6_IRQHandler
                0x0800401c                DMA1_Stream1_IRQHandler
                0x0800401c                UART4_IRQHandler
                0x0800401c                RCC_IRQHandler
                0x0800401c                TIM8_BRK_TIM12_IRQHandler
                0x0800401c                Default_Handler
                0x0800401c                EXTI15_10_IRQHandler
                0x0800401c                ADC_IRQHandler
                0x0800401c                DMA1_Stream7_IRQHandler
                0x0800401c                TIM7_IRQHandler
                0x0800401c                CAN2_TX_IRQHandler
                0x0800401c                TIM5_IRQHandler
                0x0800401c                DMA2_Stream7_IRQHandler
                0x0800401c                I2C3_EV_IRQHandler
                0x0800401c                EXTI9_5_IRQHandler
                0x0800401c                RTC_WKUP_IRQHandler
                0x0800401c                SPI2_IRQHandler
                0x0800401c                OTG_HS_EP1_IN_IRQHandler
                0x0800401c                DMA1_Stream0_IRQHandler
                0x0800401c                CAN1_TX_IRQHandler
                0x0800401c                EXTI4_IRQHandler
                0x0800401c                FSMC_IRQHandler
                0x0800401c                OTG_HS_EP1_OUT_IRQHandler
                0x0800401c                WWDG_IRQHandler
                0x0800401c                TIM2_IRQHandler
                0x0800401c                OTG_FS_WKUP_IRQHandler
                0x0800401c                TIM1_TRG_COM_TIM11_IRQHandler
                0x0800401c                OTG_HS_IRQHandler
                0x0800401c                EXTI1_IRQHandler
                0x0800401c                USART2_IRQHandler
                0x0800401c                I2C2_ER_IRQHandler
                0x0800401c                DMA2_Stream1_IRQHandler
                0x0800401c                CAN1_SCE_IRQHandler
                0x0800401c                FLASH_IRQHandler
                0x0800401c                DMA2_Stream4_IRQHandler
                0x0800401c                SPI3_IRQHandler
                0x0800401c                DMA1_Stream4_IRQHandler
                0x0800401c                I2C1_ER_IRQHandler
                0x0800401c                DMA2_Stream6_IRQHandler
                0x0800401c                DMA1_Stream3_IRQHandler
 *fill*         0x0800401e        0x2 
 .text.HAL_Init
                0x08004020       0x44 ./Drivers/STM32F4xx_HAL_Driver/Src/stm32f4xx_hal.o
                0x08004020                HAL_Init
 .text.HAL_InitTick
                0x08004064       0x60 ./Drivers/STM32F4xx_HAL_Driver/Src/stm32f4xx_hal.o
                0x08004064                HAL_InitTick
 .text.HAL_IncTick
                0x080040c4       0x28 ./Drivers/STM32F4xx_HAL_Driver/Src/stm32f4xx_hal.o
                0x080040c4                HAL_IncTick
 .text.HAL_GetTick
                0x080040ec       0x18 ./Drivers/STM32F4xx_HAL_Driver/Src/stm32f4xx_hal.o
                0x080040ec                HAL_GetTick
 .text.HAL_Delay
                0x08004104       0x48 ./Drivers/STM32F4xx_HAL_Driver/Src/stm32f4xx_hal.o
                0x08004104                HAL_Delay
 .text.__NVIC_SetPriorityGrouping
                0x0800414c       0x48 ./Drivers/STM32F4xx_HAL_Driver/Src/stm32f4xx_hal_cortex.o
 .text.__NVIC_GetPriorityGrouping
                0x08004194       0x1c ./Drivers/STM32F4xx_HAL_Driver/Src/stm32f4xx_hal_cortex.o
 .text.__NVIC_EnableIRQ
                0x080041b0       0x3c ./Drivers/STM32F4xx_HAL_Driver/Src/stm32f4xx_hal_cortex.o
 .text.__NVIC_SetPriority
                0x080041ec       0x54 ./Drivers/STM32F4xx_HAL_Driver/Src/stm32f4xx_hal_cortex.o
 .text.NVIC_EncodePriority
                0x08004240       0x66 ./Drivers/STM32F4xx_HAL_Driver/Src/stm32f4xx_hal_cortex.o
 *fill*         0x080042a6        0x2 
 .text.SysTick_Config
                0x080042a8       0x44 ./Drivers/STM32F4xx_HAL_Driver/Src/stm32f4xx_hal_cortex.o
 .text.HAL_NVIC_SetPriorityGrouping
                0x080042ec       0x16 ./Drivers/STM32F4xx_HAL_Driver/Src/stm32f4xx_hal_cortex.o
                0x080042ec                HAL_NVIC_SetPriorityGrouping
 .text.HAL_NVIC_SetPriority
                0x08004302       0x38 ./Drivers/STM32F4xx_HAL_Driver/Src/stm32f4xx_hal_cortex.o
                0x08004302                HAL_NVIC_SetPriority
 .text.HAL_NVIC_EnableIRQ
                0x0800433a       0x1c ./Drivers/STM32F4xx_HAL_Driver/Src/stm32f4xx_hal_cortex.o
                0x0800433a                HAL_NVIC_EnableIRQ
 .text.HAL_SYSTICK_Config
                0x08004356       0x18 ./Drivers/STM32F4xx_HAL_Driver/Src/stm32f4xx_hal_cortex.o
                0x08004356                HAL_SYSTICK_Config
 .text.HAL_DAC_Init
                0x0800436e       0x44 ./Drivers/STM32F4xx_HAL_Driver/Src/stm32f4xx_hal_dac.o
                0x0800436e                HAL_DAC_Init
 .text.HAL_DAC_ConfigChannel
                0x080043b2       0xb2 ./Drivers/STM32F4xx_HAL_Driver/Src/stm32f4xx_hal_dac.o
                0x080043b2                HAL_DAC_ConfigChannel
 .text.HAL_DMA_Abort
                0x08004464       0xe0 ./Drivers/STM32F4xx_HAL_Driver/Src/stm32f4xx_hal_dma.o
                0x08004464                HAL_DMA_Abort
 .text.HAL_DMA_Abort_IT
                0x08004544       0x44 ./Drivers/STM32F4xx_HAL_Driver/Src/stm32f4xx_hal_dma.o
                0x08004544                HAL_DMA_Abort_IT
 .text.HAL_FLASH_Program
                0x08004588       0xa4 ./Drivers/STM32F4xx_HAL_Driver/Src/stm32f4xx_hal_flash.o
                0x08004588                HAL_FLASH_Program
 .text.HAL_FLASH_Unlock
                0x0800462c       0x44 ./Drivers/STM32F4xx_HAL_Driver/Src/stm32f4xx_hal_flash.o
                0x0800462c                HAL_FLASH_Unlock
 .text.HAL_FLASH_Lock
                0x08004670       0x20 ./Drivers/STM32F4xx_HAL_Driver/Src/stm32f4xx_hal_flash.o
                0x08004670                HAL_FLASH_Lock
 .text.FLASH_WaitForLastOperation
                0x08004690       0x80 ./Drivers/STM32F4xx_HAL_Driver/Src/stm32f4xx_hal_flash.o
                0x08004690                FLASH_WaitForLastOperation
 .text.FLASH_Program_DoubleWord
                0x08004710       0x64 ./Drivers/STM32F4xx_HAL_Driver/Src/stm32f4xx_hal_flash.o
 .text.FLASH_Program_Word
                0x08004774       0x44 ./Drivers/STM32F4xx_HAL_Driver/Src/stm32f4xx_hal_flash.o
 .text.FLASH_Program_HalfWord
                0x080047b8       0x48 ./Drivers/STM32F4xx_HAL_Driver/Src/stm32f4xx_hal_flash.o
 .text.FLASH_Program_Byte
                0x08004800       0x44 ./Drivers/STM32F4xx_HAL_Driver/Src/stm32f4xx_hal_flash.o
 .text.FLASH_SetErrorCode
                0x08004844       0xac ./Drivers/STM32F4xx_HAL_Driver/Src/stm32f4xx_hal_flash.o
 .text.FLASH_Erase_Sector
                0x080048f0       0x90 ./Drivers/STM32F4xx_HAL_Driver/Src/stm32f4xx_hal_flash_ex.o
                0x080048f0                FLASH_Erase_Sector
 .text.HAL_GPIO_Init
                0x08004980      0x338 ./Drivers/STM32F4xx_HAL_Driver/Src/stm32f4xx_hal_gpio.o
                0x08004980                HAL_GPIO_Init
 .text.HAL_GPIO_ReadPin
                0x08004cb8       0x30 ./Drivers/STM32F4xx_HAL_Driver/Src/stm32f4xx_hal_gpio.o
                0x08004cb8                HAL_GPIO_ReadPin
 .text.HAL_GPIO_WritePin
                0x08004ce8       0x32 ./Drivers/STM32F4xx_HAL_Driver/Src/stm32f4xx_hal_gpio.o
                0x08004ce8                HAL_GPIO_WritePin
 .text.HAL_PCD_Init
                0x08004d1a      0x21e ./Drivers/STM32F4xx_HAL_Driver/Src/stm32f4xx_hal_pcd.o
                0x08004d1a                HAL_PCD_Init
 .text.HAL_PCD_Start
                0x08004f38       0x6a ./Drivers/STM32F4xx_HAL_Driver/Src/stm32f4xx_hal_pcd.o
                0x08004f38                HAL_PCD_Start
 .text.HAL_PCD_IRQHandler
                0x08004fa2      0x942 ./Drivers/STM32F4xx_HAL_Driver/Src/stm32f4xx_hal_pcd.o
                0x08004fa2                HAL_PCD_IRQHandler
 .text.HAL_PCD_SetAddress
                0x080058e4       0x48 ./Drivers/STM32F4xx_HAL_Driver/Src/stm32f4xx_hal_pcd.o
                0x080058e4                HAL_PCD_SetAddress
 .text.HAL_PCD_EP_Open
                0x0800592c       0xd4 ./Drivers/STM32F4xx_HAL_Driver/Src/stm32f4xx_hal_pcd.o
                0x0800592c                HAL_PCD_EP_Open
 .text.HAL_PCD_EP_Close
                0x08005a00       0x94 ./Drivers/STM32F4xx_HAL_Driver/Src/stm32f4xx_hal_pcd.o
                0x08005a00                HAL_PCD_EP_Close
 .text.HAL_PCD_EP_Receive
                0x08005a94       0x76 ./Drivers/STM32F4xx_HAL_Driver/Src/stm32f4xx_hal_pcd.o
                0x08005a94                HAL_PCD_EP_Receive
 .text.HAL_PCD_EP_GetRxCount
                0x08005b0a       0x30 ./Drivers/STM32F4xx_HAL_Driver/Src/stm32f4xx_hal_pcd.o
                0x08005b0a                HAL_PCD_EP_GetRxCount
 .text.HAL_PCD_EP_Transmit
                0x08005b3a       0x74 ./Drivers/STM32F4xx_HAL_Driver/Src/stm32f4xx_hal_pcd.o
                0x08005b3a                HAL_PCD_EP_Transmit
 .text.HAL_PCD_EP_SetStall
                0x08005bae       0xc6 ./Drivers/STM32F4xx_HAL_Driver/Src/stm32f4xx_hal_pcd.o
                0x08005bae                HAL_PCD_EP_SetStall
 .text.HAL_PCD_EP_ClrStall
                0x08005c74       0xac ./Drivers/STM32F4xx_HAL_Driver/Src/stm32f4xx_hal_pcd.o
                0x08005c74                HAL_PCD_EP_ClrStall
 .text.HAL_PCD_EP_Abort
                0x08005d20       0x62 ./Drivers/STM32F4xx_HAL_Driver/Src/stm32f4xx_hal_pcd.o
                0x08005d20                HAL_PCD_EP_Abort
 .text.PCD_WriteEmptyTxFifo
                0x08005d82      0x118 ./Drivers/STM32F4xx_HAL_Driver/Src/stm32f4xx_hal_pcd.o
 *fill*         0x08005e9a        0x2 
 .text.PCD_EP_OutXfrComplete_int
                0x08005e9c      0x1d0 ./Drivers/STM32F4xx_HAL_Driver/Src/stm32f4xx_hal_pcd.o
 .text.PCD_EP_OutSetupPacket_int
                0x0800606c       0x8c ./Drivers/STM32F4xx_HAL_Driver/Src/stm32f4xx_hal_pcd.o
 .text.HAL_PCDEx_SetTxFiFo
                0x080060f8       0x8e ./Drivers/STM32F4xx_HAL_Driver/Src/stm32f4xx_hal_pcd_ex.o
                0x080060f8                HAL_PCDEx_SetTxFiFo
 .text.HAL_PCDEx_SetRxFiFo
                0x08006186       0x22 ./Drivers/STM32F4xx_HAL_Driver/Src/stm32f4xx_hal_pcd_ex.o
                0x08006186                HAL_PCDEx_SetRxFiFo
 .text.HAL_PCDEx_LPM_Callback
                0x080061a8       0x18 ./Drivers/STM32F4xx_HAL_Driver/Src/stm32f4xx_hal_pcd_ex.o
                0x080061a8                HAL_PCDEx_LPM_Callback
 .text.HAL_RCC_OscConfig
                0x080061c0      0x4f0 ./Drivers/STM32F4xx_HAL_Driver/Src/stm32f4xx_hal_rcc.o
                0x080061c0                HAL_RCC_OscConfig
 .text.HAL_RCC_ClockConfig
                0x080066b0      0x1cc ./Drivers/STM32F4xx_HAL_Driver/Src/stm32f4xx_hal_rcc.o
                0x080066b0                HAL_RCC_ClockConfig
 .text.HAL_RCC_GetSysClockFreq
                0x0800687c      0x20c ./Drivers/STM32F4xx_HAL_Driver/Src/stm32f4xx_hal_rcc.o
                0x0800687c                HAL_RCC_GetSysClockFreq
 .text.HAL_RCC_GetHCLKFreq
                0x08006a88       0x18 ./Drivers/STM32F4xx_HAL_Driver/Src/stm32f4xx_hal_rcc.o
                0x08006a88                HAL_RCC_GetHCLKFreq
 .text.HAL_RCC_GetPCLK1Freq
                0x08006aa0       0x28 ./Drivers/STM32F4xx_HAL_Driver/Src/stm32f4xx_hal_rcc.o
                0x08006aa0                HAL_RCC_GetPCLK1Freq
 .text.HAL_RCC_GetPCLK2Freq
                0x08006ac8       0x28 ./Drivers/STM32F4xx_HAL_Driver/Src/stm32f4xx_hal_rcc.o
                0x08006ac8                HAL_RCC_GetPCLK2Freq
 .text.HAL_SPI_Init
                0x08006af0      0x112 ./Drivers/STM32F4xx_HAL_Driver/Src/stm32f4xx_hal_spi.o
                0x08006af0                HAL_SPI_Init
 .text.HAL_SPI_Transmit
                0x08006c02      0x288 ./Drivers/STM32F4xx_HAL_Driver/Src/stm32f4xx_hal_spi.o
                0x08006c02                HAL_SPI_Transmit
 .text.HAL_SPI_TransmitReceive
                0x08006e8a      0x352 ./Drivers/STM32F4xx_HAL_Driver/Src/stm32f4xx_hal_spi.o
                0x08006e8a                HAL_SPI_TransmitReceive
 .text.SPI_WaitFlagStateUntilTimeout
                0x080071dc      0x110 ./Drivers/STM32F4xx_HAL_Driver/Src/stm32f4xx_hal_spi.o
 .text.SPI_EndRxTxTransaction
                0x080072ec       0xa8 ./Drivers/STM32F4xx_HAL_Driver/Src/stm32f4xx_hal_spi.o
 .text.HAL_SRAM_Init
                0x08007394       0x90 ./Drivers/STM32F4xx_HAL_Driver/Src/stm32f4xx_hal_sram.o
                0x08007394                HAL_SRAM_Init
 .text.HAL_TIM_Base_Init
                0x08007424       0x9e ./Drivers/STM32F4xx_HAL_Driver/Src/stm32f4xx_hal_tim.o
                0x08007424                HAL_TIM_Base_Init
 *fill*         0x080074c2        0x2 
 .text.HAL_TIM_Base_Start
                0x080074c4       0xd0 ./Drivers/STM32F4xx_HAL_Driver/Src/stm32f4xx_hal_tim.o
                0x080074c4                HAL_TIM_Base_Start
 .text.HAL_TIM_IRQHandler
                0x08007594      0x1e0 ./Drivers/STM32F4xx_HAL_Driver/Src/stm32f4xx_hal_tim.o
                0x08007594                HAL_TIM_IRQHandler
 .text.HAL_TIM_ConfigClockSource
                0x08007774      0x18e ./Drivers/STM32F4xx_HAL_Driver/Src/stm32f4xx_hal_tim.o
                0x08007774                HAL_TIM_ConfigClockSource
 .text.HAL_TIM_PeriodElapsedCallback
                0x08007902       0x14 ./Drivers/STM32F4xx_HAL_Driver/Src/stm32f4xx_hal_tim.o
                0x08007902                HAL_TIM_PeriodElapsedCallback
 .text.HAL_TIM_OC_DelayElapsedCallback
                0x08007916       0x14 ./Drivers/STM32F4xx_HAL_Driver/Src/stm32f4xx_hal_tim.o
                0x08007916                HAL_TIM_OC_DelayElapsedCallback
 .text.HAL_TIM_IC_CaptureCallback
                0x0800792a       0x14 ./Drivers/STM32F4xx_HAL_Driver/Src/stm32f4xx_hal_tim.o
                0x0800792a                HAL_TIM_IC_CaptureCallback
 .text.HAL_TIM_PWM_PulseFinishedCallback
                0x0800793e       0x14 ./Drivers/STM32F4xx_HAL_Driver/Src/stm32f4xx_hal_tim.o
                0x0800793e                HAL_TIM_PWM_PulseFinishedCallback
 .text.HAL_TIM_TriggerCallback
                0x08007952       0x14 ./Drivers/STM32F4xx_HAL_Driver/Src/stm32f4xx_hal_tim.o
                0x08007952                HAL_TIM_TriggerCallback
 *fill*         0x08007966        0x2 
 .text.TIM_Base_SetConfig
                0x08007968      0x14c ./Drivers/STM32F4xx_HAL_Driver/Src/stm32f4xx_hal_tim.o
                0x08007968                TIM_Base_SetConfig
 .text.TIM_TI1_ConfigInputStage
                0x08007ab4       0x5e ./Drivers/STM32F4xx_HAL_Driver/Src/stm32f4xx_hal_tim.o
 .text.TIM_TI2_ConfigInputStage
                0x08007b12       0x60 ./Drivers/STM32F4xx_HAL_Driver/Src/stm32f4xx_hal_tim.o
 .text.TIM_ITRx_SetConfig
                0x08007b72       0x36 ./Drivers/STM32F4xx_HAL_Driver/Src/stm32f4xx_hal_tim.o
 .text.TIM_ETR_SetConfig
                0x08007ba8       0x40 ./Drivers/STM32F4xx_HAL_Driver/Src/stm32f4xx_hal_tim.o
                0x08007ba8                TIM_ETR_SetConfig
 .text.HAL_TIMEx_MasterConfigSynchronization
                0x08007be8       0xf8 ./Drivers/STM32F4xx_HAL_Driver/Src/stm32f4xx_hal_tim_ex.o
                0x08007be8                HAL_TIMEx_MasterConfigSynchronization
 .text.HAL_TIMEx_CommutCallback
                0x08007ce0       0x14 ./Drivers/STM32F4xx_HAL_Driver/Src/stm32f4xx_hal_tim_ex.o
                0x08007ce0                HAL_TIMEx_CommutCallback
 .text.HAL_TIMEx_BreakCallback
                0x08007cf4       0x14 ./Drivers/STM32F4xx_HAL_Driver/Src/stm32f4xx_hal_tim_ex.o
                0x08007cf4                HAL_TIMEx_BreakCallback
 .text.HAL_UART_Init
                0x08007d08       0xa0 ./Drivers/STM32F4xx_HAL_Driver/Src/stm32f4xx_hal_uart.o
                0x08007d08                HAL_UART_Init
 .text.HAL_UART_Transmit
                0x08007da8      0x116 ./Drivers/STM32F4xx_HAL_Driver/Src/stm32f4xx_hal_uart.o
                0x08007da8                HAL_UART_Transmit
 .text.HAL_UART_Receive_IT
                0x08007ebe       0x4a ./Drivers/STM32F4xx_HAL_Driver/Src/stm32f4xx_hal_uart.o
                0x08007ebe                HAL_UART_Receive_IT
 .text.HAL_UART_IRQHandler
                0x08007f08      0x554 ./Drivers/STM32F4xx_HAL_Driver/Src/stm32f4xx_hal_uart.o
                0x08007f08                HAL_UART_IRQHandler
 .text.HAL_UART_TxCpltCallback
                0x0800845c       0x14 ./Drivers/STM32F4xx_HAL_Driver/Src/stm32f4xx_hal_uart.o
                0x0800845c                HAL_UART_TxCpltCallback
 .text.HAL_UART_ErrorCallback
                0x08008470       0x14 ./Drivers/STM32F4xx_HAL_Driver/Src/stm32f4xx_hal_uart.o
                0x08008470                HAL_UART_ErrorCallback
 .text.HAL_UARTEx_RxEventCallback
                0x08008484       0x18 ./Drivers/STM32F4xx_HAL_Driver/Src/stm32f4xx_hal_uart.o
                0x08008484                HAL_UARTEx_RxEventCallback
 .text.UART_WaitOnFlagUntilTimeout
                0x0800849c       0xb2 ./Drivers/STM32F4xx_HAL_Driver/Src/stm32f4xx_hal_uart.o
 .text.UART_Start_Receive_IT
                0x0800854e       0x74 ./Drivers/STM32F4xx_HAL_Driver/Src/stm32f4xx_hal_uart.o
                0x0800854e                UART_Start_Receive_IT
 .text.UART_EndRxTransfer
                0x080085c2       0xc6 ./Drivers/STM32F4xx_HAL_Driver/Src/stm32f4xx_hal_uart.o
 .text.UART_DMAAbortOnError
                0x08008688       0x22 ./Drivers/STM32F4xx_HAL_Driver/Src/stm32f4xx_hal_uart.o
 .text.UART_Transmit_IT
                0x080086aa       0xa0 ./Drivers/STM32F4xx_HAL_Driver/Src/stm32f4xx_hal_uart.o
 .text.UART_EndTransmit_IT
                0x0800874a       0x30 ./Drivers/STM32F4xx_HAL_Driver/Src/stm32f4xx_hal_uart.o
 .text.UART_Receive_IT
                0x0800877a      0x17c ./Drivers/STM32F4xx_HAL_Driver/Src/stm32f4xx_hal_uart.o
 *fill*         0x080088f6        0x2 
 .text.UART_SetConfig
                0x080088f8      0x4e8 ./Drivers/STM32F4xx_HAL_Driver/Src/stm32f4xx_hal_uart.o
 .text.FSMC_NORSRAM_Init
                0x08008de0       0xd4 ./Drivers/STM32F4xx_HAL_Driver/Src/stm32f4xx_ll_fsmc.o
                0x08008de0                FSMC_NORSRAM_Init
 .text.FSMC_NORSRAM_Timing_Init
                0x08008eb4       0x5c ./Drivers/STM32F4xx_HAL_Driver/Src/stm32f4xx_ll_fsmc.o
                0x08008eb4                FSMC_NORSRAM_Timing_Init
 .text.FSMC_NORSRAM_Extended_Timing_Init
                0x08008f10       0x70 ./Drivers/STM32F4xx_HAL_Driver/Src/stm32f4xx_ll_fsmc.o
                0x08008f10                FSMC_NORSRAM_Extended_Timing_Init
 .text.USB_CoreInit
                0x08008f80       0xc8 ./Drivers/STM32F4xx_HAL_Driver/Src/stm32f4xx_ll_usb.o
                0x08008f80                USB_CoreInit
 .text.USB_SetTurnaroundTime
                0x08009048      0x144 ./Drivers/STM32F4xx_HAL_Driver/Src/stm32f4xx_ll_usb.o
                0x08009048                USB_SetTurnaroundTime
 .text.USB_EnableGlobalInt
                0x0800918c       0x22 ./Drivers/STM32F4xx_HAL_Driver/Src/stm32f4xx_ll_usb.o
                0x0800918c                USB_EnableGlobalInt
 .text.USB_DisableGlobalInt
                0x080091ae       0x22 ./Drivers/STM32F4xx_HAL_Driver/Src/stm32f4xx_ll_usb.o
                0x080091ae                USB_DisableGlobalInt
 .text.USB_SetCurrentMode
                0x080091d0       0x98 ./Drivers/STM32F4xx_HAL_Driver/Src/stm32f4xx_ll_usb.o
                0x080091d0                USB_SetCurrentMode
 .text.USB_DevInit
                0x08009268      0x2c8 ./Drivers/STM32F4xx_HAL_Driver/Src/stm32f4xx_ll_usb.o
                0x08009268                USB_DevInit
 .text.USB_FlushTxFifo
                0x08009530       0x64 ./Drivers/STM32F4xx_HAL_Driver/Src/stm32f4xx_ll_usb.o
                0x08009530                USB_FlushTxFifo
 .text.USB_FlushRxFifo
                0x08009594       0x5c ./Drivers/STM32F4xx_HAL_Driver/Src/stm32f4xx_ll_usb.o
                0x08009594                USB_FlushRxFifo
 .text.USB_SetDevSpeed
                0x080095f0       0x32 ./Drivers/STM32F4xx_HAL_Driver/Src/stm32f4xx_ll_usb.o
                0x080095f0                USB_SetDevSpeed
 .text.USB_GetDevSpeed
                0x08009622       0x4a ./Drivers/STM32F4xx_HAL_Driver/Src/stm32f4xx_ll_usb.o
                0x08009622                USB_GetDevSpeed
 .text.USB_ActivateEndpoint
                0x0800966c      0x10e ./Drivers/STM32F4xx_HAL_Driver/Src/stm32f4xx_ll_usb.o
                0x0800966c                USB_ActivateEndpoint
 *fill*         0x0800977a        0x2 
 .text.USB_DeactivateEndpoint
                0x0800977c      0x1b8 ./Drivers/STM32F4xx_HAL_Driver/Src/stm32f4xx_ll_usb.o
                0x0800977c                USB_DeactivateEndpoint
 .text.USB_EPStartXfer
                0x08009934      0x53c ./Drivers/STM32F4xx_HAL_Driver/Src/stm32f4xx_ll_usb.o
                0x08009934                USB_EPStartXfer
 .text.USB_EPStopXfer
                0x08009e70      0x154 ./Drivers/STM32F4xx_HAL_Driver/Src/stm32f4xx_ll_usb.o
                0x08009e70                USB_EPStopXfer
 .text.USB_WritePacket
                0x08009fc4       0x7c ./Drivers/STM32F4xx_HAL_Driver/Src/stm32f4xx_ll_usb.o
                0x08009fc4                USB_WritePacket
 .text.USB_ReadPacket
                0x0800a040       0xb0 ./Drivers/STM32F4xx_HAL_Driver/Src/stm32f4xx_ll_usb.o
                0x0800a040                USB_ReadPacket
 .text.USB_EPSetStall
                0x0800a0f0       0xdc ./Drivers/STM32F4xx_HAL_Driver/Src/stm32f4xx_ll_usb.o
                0x0800a0f0                USB_EPSetStall
 .text.USB_EPClearStall
                0x0800a1cc       0xcc ./Drivers/STM32F4xx_HAL_Driver/Src/stm32f4xx_ll_usb.o
                0x0800a1cc                USB_EPClearStall
 .text.USB_SetDevAddress
                0x0800a298       0x4c ./Drivers/STM32F4xx_HAL_Driver/Src/stm32f4xx_ll_usb.o
                0x0800a298                USB_SetDevAddress
 .text.USB_DevConnect
                0x0800a2e4       0x42 ./Drivers/STM32F4xx_HAL_Driver/Src/stm32f4xx_ll_usb.o
                0x0800a2e4                USB_DevConnect
 .text.USB_DevDisconnect
                0x0800a326       0x42 ./Drivers/STM32F4xx_HAL_Driver/Src/stm32f4xx_ll_usb.o
                0x0800a326                USB_DevDisconnect
 .text.USB_ReadInterrupts
                0x0800a368       0x26 ./Drivers/STM32F4xx_HAL_Driver/Src/stm32f4xx_ll_usb.o
                0x0800a368                USB_ReadInterrupts
 .text.USB_ReadDevAllOutEpInterrupt
                0x0800a38e       0x34 ./Drivers/STM32F4xx_HAL_Driver/Src/stm32f4xx_ll_usb.o
                0x0800a38e                USB_ReadDevAllOutEpInterrupt
 .text.USB_ReadDevAllInEpInterrupt
                0x0800a3c2       0x34 ./Drivers/STM32F4xx_HAL_Driver/Src/stm32f4xx_ll_usb.o
                0x0800a3c2                USB_ReadDevAllInEpInterrupt
 .text.USB_ReadDevOutEPInterrupt
                0x0800a3f6       0x3c ./Drivers/STM32F4xx_HAL_Driver/Src/stm32f4xx_ll_usb.o
                0x0800a3f6                USB_ReadDevOutEPInterrupt
 .text.USB_ReadDevInEPInterrupt
                0x0800a432       0x5c ./Drivers/STM32F4xx_HAL_Driver/Src/stm32f4xx_ll_usb.o
                0x0800a432                USB_ReadDevInEPInterrupt
 .text.USB_GetMode
                0x0800a48e       0x1c ./Drivers/STM32F4xx_HAL_Driver/Src/stm32f4xx_ll_usb.o
                0x0800a48e                USB_GetMode
 .text.USB_ActivateSetup
                0x0800a4aa       0x46 ./Drivers/STM32F4xx_HAL_Driver/Src/stm32f4xx_ll_usb.o
                0x0800a4aa                USB_ActivateSetup
 .text.USB_EP0_OutStart
                0x0800a4f0       0xbc ./Drivers/STM32F4xx_HAL_Driver/Src/stm32f4xx_ll_usb.o
                0x0800a4f0                USB_EP0_OutStart
 .text.USB_CoreReset
                0x0800a5ac       0x70 ./Drivers/STM32F4xx_HAL_Driver/Src/stm32f4xx_ll_usb.o
 .text.sx126x_set_standby
                0x0800a61c       0x30 ./Drivers/sx126x_driver/src/sx126x.o
                0x0800a61c                sx126x_set_standby
 .text.sx126x_set_tx
                0x0800a64c       0x30 ./Drivers/sx126x_driver/src/sx126x.o
                0x0800a64c                sx126x_set_tx
 .text.sx126x_set_tx_with_timeout_in_rtc_step
                0x0800a67c       0x40 ./Drivers/sx126x_driver/src/sx126x.o
                0x0800a67c                sx126x_set_tx_with_timeout_in_rtc_step
 .text.sx126x_set_reg_mode
                0x0800a6bc       0x30 ./Drivers/sx126x_driver/src/sx126x.o
                0x0800a6bc                sx126x_set_reg_mode
 .text.sx126x_cal
                0x0800a6ec       0x30 ./Drivers/sx126x_driver/src/sx126x.o
                0x0800a6ec                sx126x_cal
 .text.sx126x_set_pa_cfg
                0x0800a71c       0x42 ./Drivers/sx126x_driver/src/sx126x.o
                0x0800a71c                sx126x_set_pa_cfg
 .text.sx126x_write_register
                0x0800a75e       0x46 ./Drivers/sx126x_driver/src/sx126x.o
                0x0800a75e                sx126x_write_register
 .text.sx126x_read_register
                0x0800a7a4       0x4a ./Drivers/sx126x_driver/src/sx126x.o
                0x0800a7a4                sx126x_read_register
 .text.sx126x_write_buffer
                0x0800a7ee       0x3a ./Drivers/sx126x_driver/src/sx126x.o
                0x0800a7ee                sx126x_write_buffer
 .text.sx126x_set_dio_irq_params
                0x0800a828       0x7a ./Drivers/sx126x_driver/src/sx126x.o
                0x0800a828                sx126x_set_dio_irq_params
 .text.sx126x_set_dio3_as_tcxo_ctrl
                0x0800a8a2       0x48 ./Drivers/sx126x_driver/src/sx126x.o
                0x0800a8a2                sx126x_set_dio3_as_tcxo_ctrl
 .text.sx126x_set_rf_freq
                0x0800a8ea       0x24 ./Drivers/sx126x_driver/src/sx126x.o
                0x0800a8ea                sx126x_set_rf_freq
 .text.sx126x_set_rf_freq_in_pll_steps
                0x0800a90e       0x48 ./Drivers/sx126x_driver/src/sx126x.o
                0x0800a90e                sx126x_set_rf_freq_in_pll_steps
 .text.sx126x_set_pkt_type
                0x0800a956       0x30 ./Drivers/sx126x_driver/src/sx126x.o
                0x0800a956                sx126x_set_pkt_type
 .text.sx126x_set_tx_params
                0x0800a986       0x38 ./Drivers/sx126x_driver/src/sx126x.o
                0x0800a986                sx126x_set_tx_params
 .text.sx126x_set_lora_mod_params
                0x0800a9be       0x64 ./Drivers/sx126x_driver/src/sx126x.o
                0x0800a9be                sx126x_set_lora_mod_params
 .text.sx126x_set_lora_pkt_params
                0x0800aa22       0xc4 ./Drivers/sx126x_driver/src/sx126x.o
                0x0800aa22                sx126x_set_lora_pkt_params
 *fill*         0x0800aae6        0x2 
 .text.sx126x_convert_freq_in_hz_to_pll_step
                0x0800aae8       0x4c ./Drivers/sx126x_driver/src/sx126x.o
                0x0800aae8                sx126x_convert_freq_in_hz_to_pll_step
 .text.sx126x_convert_timeout_in_ms_to_rtc_step
                0x0800ab34       0x18 ./Drivers/sx126x_driver/src/sx126x.o
                0x0800ab34                sx126x_convert_timeout_in_ms_to_rtc_step
 .text.sx126x_set_lora_sync_word
                0x0800ab4c       0x78 ./Drivers/sx126x_driver/src/sx126x.o
                0x0800ab4c                sx126x_set_lora_sync_word
 .text.sx126x_tx_modulation_workaround
                0x0800abc4       0x7a ./Drivers/sx126x_driver/src/sx126x.o
 .text.sx126x_hal_write
                0x0800ac3e       0xb6 ./Drivers/sx126x_driver/src/sx126x_hal.o
                0x0800ac3e                sx126x_hal_write
 .text.sx126x_hal_read
                0x0800acf4       0xc0 ./Drivers/sx126x_driver/src/sx126x_hal.o
                0x0800acf4                sx126x_hal_read
 .text.sx126x_hal_reset
                0x0800adb4       0x48 ./Drivers/sx126x_driver/src/sx126x_hal.o
                0x0800adb4                sx126x_hal_reset
 .text.sx126x_hal_wakeup
                0x0800adfc       0x54 ./Drivers/sx126x_driver/src/sx126x_hal.o
                0x0800adfc                sx126x_hal_wakeup
 .text.USBD_CDC_Init
                0x0800ae50      0x1f0 ./Middlewares/ST/STM32_USB_Device_Library/Class/CDC/Src/usbd_cdc.o
 .text.USBD_CDC_DeInit
                0x0800b040      0x104 ./Middlewares/ST/STM32_USB_Device_Library/Class/CDC/Src/usbd_cdc.o
 .text.USBD_CDC_Setup
                0x0800b144      0x1b8 ./Middlewares/ST/STM32_USB_Device_Library/Class/CDC/Src/usbd_cdc.o
 .text.USBD_CDC_DataIn
                0x0800b2fc       0xfe ./Middlewares/ST/STM32_USB_Device_Library/Class/CDC/Src/usbd_cdc.o
 .text.USBD_CDC_DataOut
                0x0800b3fa       0x70 ./Middlewares/ST/STM32_USB_Device_Library/Class/CDC/Src/usbd_cdc.o
 .text.USBD_CDC_EP0_RxReady
                0x0800b46a       0x74 ./Middlewares/ST/STM32_USB_Device_Library/Class/CDC/Src/usbd_cdc.o
 *fill*         0x0800b4de        0x2 
 .text.USBD_CDC_GetFSCfgDesc
                0x0800b4e0       0x70 ./Middlewares/ST/STM32_USB_Device_Library/Class/CDC/Src/usbd_cdc.o
 .text.USBD_CDC_GetHSCfgDesc
                0x0800b550       0x70 ./Middlewares/ST/STM32_USB_Device_Library/Class/CDC/Src/usbd_cdc.o
 .text.USBD_CDC_GetOtherSpeedCfgDesc
                0x0800b5c0       0x70 ./Middlewares/ST/STM32_USB_Device_Library/Class/CDC/Src/usbd_cdc.o
 .text.USBD_CDC_GetDeviceQualifierDescriptor
                0x0800b630       0x20 ./Middlewares/ST/STM32_USB_Device_Library/Class/CDC/Src/usbd_cdc.o
                0x0800b630                USBD_CDC_GetDeviceQualifierDescriptor
 .text.USBD_CDC_RegisterInterface
                0x0800b650       0x34 ./Middlewares/ST/STM32_USB_Device_Library/Class/CDC/Src/usbd_cdc.o
                0x0800b650                USBD_CDC_RegisterInterface
 .text.USBD_CDC_SetTxBuffer
                0x0800b684       0x44 ./Middlewares/ST/STM32_USB_Device_Library/Class/CDC/Src/usbd_cdc.o
                0x0800b684                USBD_CDC_SetTxBuffer
 .text.USBD_CDC_SetRxBuffer
                0x0800b6c8       0x3a ./Middlewares/ST/STM32_USB_Device_Library/Class/CDC/Src/usbd_cdc.o
                0x0800b6c8                USBD_CDC_SetRxBuffer
 *fill*         0x0800b702        0x2 
 .text.USBD_CDC_TransmitPacket
                0x0800b704       0x80 ./Middlewares/ST/STM32_USB_Device_Library/Class/CDC/Src/usbd_cdc.o
                0x0800b704                USBD_CDC_TransmitPacket
 .text.USBD_CDC_ReceivePacket
                0x0800b784       0x6c ./Middlewares/ST/STM32_USB_Device_Library/Class/CDC/Src/usbd_cdc.o
                0x0800b784                USBD_CDC_ReceivePacket
 .text.USBD_Init
                0x0800b7f0       0x60 ./Middlewares/ST/STM32_USB_Device_Library/Core/Src/usbd_core.o
                0x0800b7f0                USBD_Init
 .text.USBD_RegisterClass
                0x0800b850       0x6c ./Middlewares/ST/STM32_USB_Device_Library/Core/Src/usbd_core.o
                0x0800b850                USBD_RegisterClass
 .text.USBD_Start
                0x0800b8bc       0x18 ./Middlewares/ST/STM32_USB_Device_Library/Core/Src/usbd_core.o
                0x0800b8bc                USBD_Start
 .text.USBD_RunTestMode
                0x0800b8d4       0x16 ./Middlewares/ST/STM32_USB_Device_Library/Core/Src/usbd_core.o
                0x0800b8d4                USBD_RunTestMode
 .text.USBD_SetClassConfig
                0x0800b8ea       0x38 ./Middlewares/ST/STM32_USB_Device_Library/Core/Src/usbd_core.o
                0x0800b8ea                USBD_SetClassConfig
 .text.USBD_ClrClassConfig
                0x0800b922       0x34 ./Middlewares/ST/STM32_USB_Device_Library/Core/Src/usbd_core.o
                0x0800b922                USBD_ClrClassConfig
 .text.USBD_LL_SetupStage
                0x0800b956       0xaa ./Middlewares/ST/STM32_USB_Device_Library/Core/Src/usbd_core.o
                0x0800b956                USBD_LL_SetupStage
 .text.USBD_LL_DataOutStage
                0x0800ba00      0x178 ./Middlewares/ST/STM32_USB_Device_Library/Core/Src/usbd_core.o
                0x0800ba00                USBD_LL_DataOutStage
 .text.USBD_LL_DataInStage
                0x0800bb78      0x176 ./Middlewares/ST/STM32_USB_Device_Library/Core/Src/usbd_core.o
                0x0800bb78                USBD_LL_DataInStage
 .text.USBD_LL_Reset
                0x0800bcee       0xa6 ./Middlewares/ST/STM32_USB_Device_Library/Core/Src/usbd_core.o
                0x0800bcee                USBD_LL_Reset
 .text.USBD_LL_SetSpeed
                0x0800bd94       0x20 ./Middlewares/ST/STM32_USB_Device_Library/Core/Src/usbd_core.o
                0x0800bd94                USBD_LL_SetSpeed
 .text.USBD_LL_Suspend
                0x0800bdb4       0x38 ./Middlewares/ST/STM32_USB_Device_Library/Core/Src/usbd_core.o
                0x0800bdb4                USBD_LL_Suspend
 .text.USBD_LL_Resume
                0x0800bdec       0x30 ./Middlewares/ST/STM32_USB_Device_Library/Core/Src/usbd_core.o
                0x0800bdec                USBD_LL_Resume
 .text.USBD_LL_SOF
                0x0800be1c       0x40 ./Middlewares/ST/STM32_USB_Device_Library/Core/Src/usbd_core.o
                0x0800be1c                USBD_LL_SOF
 .text.USBD_LL_IsoINIncomplete
                0x0800be5c       0x64 ./Middlewares/ST/STM32_USB_Device_Library/Core/Src/usbd_core.o
                0x0800be5c                USBD_LL_IsoINIncomplete
 .text.USBD_LL_IsoOUTIncomplete
                0x0800bec0       0x64 ./Middlewares/ST/STM32_USB_Device_Library/Core/Src/usbd_core.o
                0x0800bec0                USBD_LL_IsoOUTIncomplete
 .text.USBD_LL_DevConnected
                0x0800bf24       0x16 ./Middlewares/ST/STM32_USB_Device_Library/Core/Src/usbd_core.o
                0x0800bf24                USBD_LL_DevConnected
 .text.USBD_LL_DevDisconnected
                0x0800bf3a       0x46 ./Middlewares/ST/STM32_USB_Device_Library/Core/Src/usbd_core.o
                0x0800bf3a                USBD_LL_DevDisconnected
 .text.USBD_CoreFindIF
                0x0800bf80       0x1a ./Middlewares/ST/STM32_USB_Device_Library/Core/Src/usbd_core.o
                0x0800bf80                USBD_CoreFindIF
 .text.USBD_CoreFindEP
                0x0800bf9a       0x1a ./Middlewares/ST/STM32_USB_Device_Library/Core/Src/usbd_core.o
                0x0800bf9a                USBD_CoreFindEP
 .text.USBD_GetEpDesc
                0x0800bfb4       0x70 ./Middlewares/ST/STM32_USB_Device_Library/Core/Src/usbd_core.o
                0x0800bfb4                USBD_GetEpDesc
 .text.USBD_GetNextDesc
                0x0800c024       0x38 ./Middlewares/ST/STM32_USB_Device_Library/Core/Src/usbd_core.o
                0x0800c024                USBD_GetNextDesc
 .text.SWAPBYTE
                0x0800c05c       0x3e ./Middlewares/ST/STM32_USB_Device_Library/Core/Src/usbd_ctlreq.o
 *fill*         0x0800c09a        0x2 
 .text.USBD_StdDevReq
                0x0800c09c       0xe4 ./Middlewares/ST/STM32_USB_Device_Library/Core/Src/usbd_ctlreq.o
                0x0800c09c                USBD_StdDevReq
 .text.USBD_StdItfReq
                0x0800c180       0xd8 ./Middlewares/ST/STM32_USB_Device_Library/Core/Src/usbd_ctlreq.o
                0x0800c180                USBD_StdItfReq
 .text.USBD_StdEPReq
                0x0800c258      0x33e ./Middlewares/ST/STM32_USB_Device_Library/Core/Src/usbd_ctlreq.o
                0x0800c258                USBD_StdEPReq
 *fill*         0x0800c596        0x2 
 .text.USBD_GetDescriptor
                0x0800c598      0x2d4 ./Middlewares/ST/STM32_USB_Device_Library/Core/Src/usbd_ctlreq.o
 .text.USBD_SetAddress
                0x0800c86c       0x88 ./Middlewares/ST/STM32_USB_Device_Library/Core/Src/usbd_ctlreq.o
 .text.USBD_SetConfig
                0x0800c8f4      0x154 ./Middlewares/ST/STM32_USB_Device_Library/Core/Src/usbd_ctlreq.o
 .text.USBD_GetConfig
                0x0800ca48       0x6c ./Middlewares/ST/STM32_USB_Device_Library/Core/Src/usbd_ctlreq.o
 .text.USBD_GetStatus
                0x0800cab4       0x68 ./Middlewares/ST/STM32_USB_Device_Library/Core/Src/usbd_ctlreq.o
 .text.USBD_SetFeature
                0x0800cb1c       0x52 ./Middlewares/ST/STM32_USB_Device_Library/Core/Src/usbd_ctlreq.o
 .text.USBD_ClrFeature
                0x0800cb6e       0x44 ./Middlewares/ST/STM32_USB_Device_Library/Core/Src/usbd_ctlreq.o
 .text.USBD_ParseSetupRequest
                0x0800cbb2       0x74 ./Middlewares/ST/STM32_USB_Device_Library/Core/Src/usbd_ctlreq.o
                0x0800cbb2                USBD_ParseSetupRequest
 .text.USBD_CtlError
                0x0800cc26       0x22 ./Middlewares/ST/STM32_USB_Device_Library/Core/Src/usbd_ctlreq.o
                0x0800cc26                USBD_CtlError
 .text.USBD_GetString
                0x0800cc48       0xa4 ./Middlewares/ST/STM32_USB_Device_Library/Core/Src/usbd_ctlreq.o
                0x0800cc48                USBD_GetString
 .text.USBD_GetLen
                0x0800ccec       0x34 ./Middlewares/ST/STM32_USB_Device_Library/Core/Src/usbd_ctlreq.o
 .text.USBD_CtlSendData
                0x0800cd20       0x3c ./Middlewares/ST/STM32_USB_Device_Library/Core/Src/usbd_ioreq.o
                0x0800cd20                USBD_CtlSendData
 .text.USBD_CtlContinueSendData
                0x0800cd5c       0x22 ./Middlewares/ST/STM32_USB_Device_Library/Core/Src/usbd_ioreq.o
                0x0800cd5c                USBD_CtlContinueSendData
 .text.USBD_CtlPrepareRx
                0x0800cd7e       0x42 ./Middlewares/ST/STM32_USB_Device_Library/Core/Src/usbd_ioreq.o
                0x0800cd7e                USBD_CtlPrepareRx
 .text.USBD_CtlContinueRx
                0x0800cdc0       0x22 ./Middlewares/ST/STM32_USB_Device_Library/Core/Src/usbd_ioreq.o
                0x0800cdc0                USBD_CtlContinueRx
 .text.USBD_CtlSendStatus
                0x0800cde2       0x26 ./Middlewares/ST/STM32_USB_Device_Library/Core/Src/usbd_ioreq.o
                0x0800cde2                USBD_CtlSendStatus
 .text.USBD_CtlReceiveStatus
                0x0800ce08       0x26 ./Middlewares/ST/STM32_USB_Device_Library/Core/Src/usbd_ioreq.o
                0x0800ce08                USBD_CtlReceiveStatus
 *fill*         0x0800ce2e        0x2 
 .text.MX_USB_DEVICE_Init
                0x0800ce30       0x60 ./USB_DEVICE/App/usb_device.o
                0x0800ce30                MX_USB_DEVICE_Init
 .text.CDC_Init_FS
                0x0800ce90       0x28 ./USB_DEVICE/App/usbd_cdc_if.o
 .text.CDC_DeInit_FS
                0x0800ceb8       0x10 ./USB_DEVICE/App/usbd_cdc_if.o
 .text.CDC_Control_FS
                0x0800cec8       0xbc ./USB_DEVICE/App/usbd_cdc_if.o
 .text.CDC_Receive_FS
                0x0800cf84       0xa0 ./USB_DEVICE/App/usbd_cdc_if.o
 .text.CDC_Transmit_FS
                0x0800d024       0x4c ./USB_DEVICE/App/usbd_cdc_if.o
                0x0800d024                CDC_Transmit_FS
 .text.CDC_TransmitCplt_FS
                0x0800d070       0x22 ./USB_DEVICE/App/usbd_cdc_if.o
 *fill*         0x0800d092        0x2 
 .text.USBD_FS_DeviceDescriptor
                0x0800d094       0x24 ./USB_DEVICE/App/usbd_desc.o
                0x0800d094                USBD_FS_DeviceDescriptor
 .text.USBD_FS_LangIDStrDescriptor
                0x0800d0b8       0x24 ./USB_DEVICE/App/usbd_desc.o
                0x0800d0b8                USBD_FS_LangIDStrDescriptor
 .text.USBD_FS_ProductStrDescriptor
                0x0800d0dc       0x3c ./USB_DEVICE/App/usbd_desc.o
                0x0800d0dc                USBD_FS_ProductStrDescriptor
 .text.USBD_FS_ManufacturerStrDescriptor
                0x0800d118       0x28 ./USB_DEVICE/App/usbd_desc.o
                0x0800d118                USBD_FS_ManufacturerStrDescriptor
 .text.USBD_FS_SerialStrDescriptor
                0x0800d140       0x24 ./USB_DEVICE/App/usbd_desc.o
                0x0800d140                USBD_FS_SerialStrDescriptor
 .text.USBD_FS_ConfigStrDescriptor
                0x0800d164       0x3c ./USB_DEVICE/App/usbd_desc.o
                0x0800d164                USBD_FS_ConfigStrDescriptor
 .text.USBD_FS_InterfaceStrDescriptor
                0x0800d1a0       0x3c ./USB_DEVICE/App/usbd_desc.o
                0x0800d1a0                USBD_FS_InterfaceStrDescriptor
 .text.Get_SerialNum
                0x0800d1dc       0x58 ./USB_DEVICE/App/usbd_desc.o
 .text.IntToUnicode
                0x0800d234       0x7e ./USB_DEVICE/App/usbd_desc.o
 *fill*         0x0800d2b2        0x2 
 .text.HAL_PCD_MspInit
                0x0800d2b4       0xa8 ./USB_DEVICE/Target/usbd_conf.o
                0x0800d2b4                HAL_PCD_MspInit
 .text.HAL_PCD_SetupStageCallback
                0x0800d35c       0x24 ./USB_DEVICE/Target/usbd_conf.o
                0x0800d35c                HAL_PCD_SetupStageCallback
 .text.HAL_PCD_DataOutStageCallback
                0x0800d380       0x36 ./USB_DEVICE/Target/usbd_conf.o
                0x0800d380                HAL_PCD_DataOutStageCallback
 .text.HAL_PCD_DataInStageCallback
                0x0800d3b6       0x34 ./USB_DEVICE/Target/usbd_conf.o
                0x0800d3b6                HAL_PCD_DataInStageCallback
 .text.HAL_PCD_SOFCallback
                0x0800d3ea       0x1c ./USB_DEVICE/Target/usbd_conf.o
                0x0800d3ea                HAL_PCD_SOFCallback
 .text.HAL_PCD_ResetCallback
                0x0800d406       0x50 ./USB_DEVICE/Target/usbd_conf.o
                0x0800d406                HAL_PCD_ResetCallback
 *fill*         0x0800d456        0x2 
 .text.HAL_PCD_SuspendCallback
                0x0800d458       0x4c ./USB_DEVICE/Target/usbd_conf.o
                0x0800d458                HAL_PCD_SuspendCallback
 .text.HAL_PCD_ResumeCallback
                0x0800d4a4       0x1c ./USB_DEVICE/Target/usbd_conf.o
                0x0800d4a4                HAL_PCD_ResumeCallback
 .text.HAL_PCD_ISOOUTIncompleteCallback
                0x0800d4c0       0x24 ./USB_DEVICE/Target/usbd_conf.o
                0x0800d4c0                HAL_PCD_ISOOUTIncompleteCallback
 .text.HAL_PCD_ISOINIncompleteCallback
                0x0800d4e4       0x24 ./USB_DEVICE/Target/usbd_conf.o
                0x0800d4e4                HAL_PCD_ISOINIncompleteCallback
 .text.HAL_PCD_ConnectCallback
                0x0800d508       0x1c ./USB_DEVICE/Target/usbd_conf.o
                0x0800d508                HAL_PCD_ConnectCallback
 .text.HAL_PCD_DisconnectCallback
                0x0800d524       0x1c ./USB_DEVICE/Target/usbd_conf.o
                0x0800d524                HAL_PCD_DisconnectCallback
 .text.USBD_LL_Init
                0x0800d540       0x98 ./USB_DEVICE/Target/usbd_conf.o
                0x0800d540                USBD_LL_Init
 .text.USBD_LL_Start
                0x0800d5d8       0x36 ./USB_DEVICE/Target/usbd_conf.o
                0x0800d5d8                USBD_LL_Start
 .text.USBD_LL_OpenEP
                0x0800d60e       0x4c ./USB_DEVICE/Target/usbd_conf.o
                0x0800d60e                USBD_LL_OpenEP
 .text.USBD_LL_CloseEP
                0x0800d65a       0x3e ./USB_DEVICE/Target/usbd_conf.o
                0x0800d65a                USBD_LL_CloseEP
 .text.USBD_LL_StallEP
                0x0800d698       0x3e ./USB_DEVICE/Target/usbd_conf.o
                0x0800d698                USBD_LL_StallEP
 .text.USBD_LL_ClearStallEP
                0x0800d6d6       0x3e ./USB_DEVICE/Target/usbd_conf.o
                0x0800d6d6                USBD_LL_ClearStallEP
 .text.USBD_LL_IsStallEP
                0x0800d714       0x58 ./USB_DEVICE/Target/usbd_conf.o
                0x0800d714                USBD_LL_IsStallEP
 .text.USBD_LL_SetUSBAddress
                0x0800d76c       0x3e ./USB_DEVICE/Target/usbd_conf.o
                0x0800d76c                USBD_LL_SetUSBAddress
 .text.USBD_LL_Transmit
                0x0800d7aa       0x42 ./USB_DEVICE/Target/usbd_conf.o
                0x0800d7aa                USBD_LL_Transmit
 .text.USBD_LL_PrepareReceive
                0x0800d7ec       0x42 ./USB_DEVICE/Target/usbd_conf.o
                0x0800d7ec                USBD_LL_PrepareReceive
 .text.USBD_LL_GetRxDataSize
                0x0800d82e       0x26 ./USB_DEVICE/Target/usbd_conf.o
                0x0800d82e                USBD_LL_GetRxDataSize
 .text.USBD_static_malloc
                0x0800d854       0x1c ./USB_DEVICE/Target/usbd_conf.o
                0x0800d854                USBD_static_malloc
 .text.USBD_static_free
                0x0800d870       0x14 ./USB_DEVICE/Target/usbd_conf.o
                0x0800d870                USBD_static_free
 .text.USBD_Get_USB_Status
                0x0800d884       0x58 ./USB_DEVICE/Target/usbd_conf.o
                0x0800d884                USBD_Get_USB_Status
 .text.arm_copy_f32
                0x0800d8dc       0x64 ../Middlewares/ST/ARM/DSP/Lib\libarm_cortexM4lf_math.a(arm_copy_f32.o)
                0x0800d8dc                arm_copy_f32
 .text.arm_std_f32
                0x0800d940       0x44 ../Middlewares/ST/ARM/DSP/Lib\libarm_cortexM4lf_math.a(arm_std_f32.o)
                0x0800d940                arm_std_f32
 .text.arm_mean_f32
                0x0800d984       0x7c ../Middlewares/ST/ARM/DSP/Lib\libarm_cortexM4lf_math.a(arm_mean_f32.o)
                0x0800d984                arm_mean_f32
 .text.arm_scale_f32
                0x0800da00       0x8c ../Middlewares/ST/ARM/DSP/Lib\libarm_cortexM4lf_math.a(arm_scale_f32.o)
                0x0800da00                arm_scale_f32
 .text.arm_offset_f32
                0x0800da8c       0x8c ../Middlewares/ST/ARM/DSP/Lib\libarm_cortexM4lf_math.a(arm_offset_f32.o)
                0x0800da8c                arm_offset_f32
 .text.arm_var_f32
                0x0800db18      0x15c ../Middlewares/ST/ARM/DSP/Lib\libarm_cortexM4lf_math.a(arm_var_f32.o)
                0x0800db18                arm_var_f32
 .text.atof     0x0800dc74        0x6 C:/ST/STM32CubeIDE_1.18.1/STM32CubeIDE/plugins/com.st.stm32cube.ide.mcu.externaltools.gnu-tools-for-stm32.13.3.rel1.win32_1.0.0.202411081344/tools/bin/../lib/gcc/arm-none-eabi/13.3.1/../../../../arm-none-eabi/lib/thumb/v7e-m+fp/hard\libc_nano.a(libc_a-atof.o)
                0x0800dc74                atof
 .text.atoi     0x0800dc7a        0x8 C:/ST/STM32CubeIDE_1.18.1/STM32CubeIDE/plugins/com.st.stm32cube.ide.mcu.externaltools.gnu-tools-for-stm32.13.3.rel1.win32_1.0.0.202411081344/tools/bin/../lib/gcc/arm-none-eabi/13.3.1/../../../../arm-none-eabi/lib/thumb/v7e-m+fp/hard\libc_nano.a(libc_a-atoi.o)
                0x0800dc7a                atoi
 *fill*         0x0800dc82        0x2 
 .text.srand    0x0800dc84       0x5c C:/ST/STM32CubeIDE_1.18.1/STM32CubeIDE/plugins/com.st.stm32cube.ide.mcu.externaltools.gnu-tools-for-stm32.13.3.rel1.win32_1.0.0.202411081344/tools/bin/../lib/gcc/arm-none-eabi/13.3.1/../../../../arm-none-eabi/lib/thumb/v7e-m+fp/hard\libc_nano.a(libc_a-rand.o)
                0x0800dc84                srand
 .text.rand     0x0800dce0       0x7c C:/ST/STM32CubeIDE_1.18.1/STM32CubeIDE/plugins/com.st.stm32cube.ide.mcu.externaltools.gnu-tools-for-stm32.13.3.rel1.win32_1.0.0.202411081344/tools/bin/../lib/gcc/arm-none-eabi/13.3.1/../../../../arm-none-eabi/lib/thumb/v7e-m+fp/hard\libc_nano.a(libc_a-rand.o)
                0x0800dce0                rand
 .text.sulp     0x0800dd5c       0x3c C:/ST/STM32CubeIDE_1.18.1/STM32CubeIDE/plugins/com.st.stm32cube.ide.mcu.externaltools.gnu-tools-for-stm32.13.3.rel1.win32_1.0.0.202411081344/tools/bin/../lib/gcc/arm-none-eabi/13.3.1/../../../../arm-none-eabi/lib/thumb/v7e-m+fp/hard\libc_nano.a(libc_a-strtod.o)
 .text._strtod_l
                0x0800dd98      0xbc8 C:/ST/STM32CubeIDE_1.18.1/STM32CubeIDE/plugins/com.st.stm32cube.ide.mcu.externaltools.gnu-tools-for-stm32.13.3.rel1.win32_1.0.0.202411081344/tools/bin/../lib/gcc/arm-none-eabi/13.3.1/../../../../arm-none-eabi/lib/thumb/v7e-m+fp/hard\libc_nano.a(libc_a-strtod.o)
                0x0800dd98                _strtod_l
 .text._strtod_r
                0x0800e960        0xc C:/ST/STM32CubeIDE_1.18.1/STM32CubeIDE/plugins/com.st.stm32cube.ide.mcu.externaltools.gnu-tools-for-stm32.13.3.rel1.win32_1.0.0.202411081344/tools/bin/../lib/gcc/arm-none-eabi/13.3.1/../../../../arm-none-eabi/lib/thumb/v7e-m+fp/hard\libc_nano.a(libc_a-strtod.o)
                0x0800e960                _strtod_r
 .text.strtod   0x0800e96c       0x18 C:/ST/STM32CubeIDE_1.18.1/STM32CubeIDE/plugins/com.st.stm32cube.ide.mcu.externaltools.gnu-tools-for-stm32.13.3.rel1.win32_1.0.0.202411081344/tools/bin/../lib/gcc/arm-none-eabi/13.3.1/../../../../arm-none-eabi/lib/thumb/v7e-m+fp/hard\libc_nano.a(libc_a-strtod.o)
                0x0800e96c                strtod
 .text._strtol_l.isra.0
                0x0800e984       0xf4 C:/ST/STM32CubeIDE_1.18.1/STM32CubeIDE/plugins/com.st.stm32cube.ide.mcu.externaltools.gnu-tools-for-stm32.13.3.rel1.win32_1.0.0.202411081344/tools/bin/../lib/gcc/arm-none-eabi/13.3.1/../../../../arm-none-eabi/lib/thumb/v7e-m+fp/hard\libc_nano.a(libc_a-strtol.o)
 .text._strtol_r
                0x0800ea78        0x4 C:/ST/STM32CubeIDE_1.18.1/STM32CubeIDE/plugins/com.st.stm32cube.ide.mcu.externaltools.gnu-tools-for-stm32.13.3.rel1.win32_1.0.0.202411081344/tools/bin/../lib/gcc/arm-none-eabi/13.3.1/../../../../arm-none-eabi/lib/thumb/v7e-m+fp/hard\libc_nano.a(libc_a-strtol.o)
                0x0800ea78                _strtol_r
 .text.strtol   0x0800ea7c       0x14 C:/ST/STM32CubeIDE_1.18.1/STM32CubeIDE/plugins/com.st.stm32cube.ide.mcu.externaltools.gnu-tools-for-stm32.13.3.rel1.win32_1.0.0.202411081344/tools/bin/../lib/gcc/arm-none-eabi/13.3.1/../../../../arm-none-eabi/lib/thumb/v7e-m+fp/hard\libc_nano.a(libc_a-strtol.o)
                0x0800ea7c                strtol
 .text.__cvt    0x0800ea90       0xca C:/ST/STM32CubeIDE_1.18.1/STM32CubeIDE/plugins/com.st.stm32cube.ide.mcu.externaltools.gnu-tools-for-stm32.13.3.rel1.win32_1.0.0.202411081344/tools/bin/../lib/gcc/arm-none-eabi/13.3.1/../../../../arm-none-eabi/lib/thumb/v7e-m+fp/hard\libc_nano.a(libc_a-nano-vfprintf_float.o)
                0x0800ea90                __cvt
 .text.__exponent
                0x0800eb5a       0x74 C:/ST/STM32CubeIDE_1.18.1/STM32CubeIDE/plugins/com.st.stm32cube.ide.mcu.externaltools.gnu-tools-for-stm32.13.3.rel1.win32_1.0.0.202411081344/tools/bin/../lib/gcc/arm-none-eabi/13.3.1/../../../../arm-none-eabi/lib/thumb/v7e-m+fp/hard\libc_nano.a(libc_a-nano-vfprintf_float.o)
                0x0800eb5a                __exponent
 *fill*         0x0800ebce        0x2 
 .text._printf_float
                0x0800ebd0      0x454 C:/ST/STM32CubeIDE_1.18.1/STM32CubeIDE/plugins/com.st.stm32cube.ide.mcu.externaltools.gnu-tools-for-stm32.13.3.rel1.win32_1.0.0.202411081344/tools/bin/../lib/gcc/arm-none-eabi/13.3.1/../../../../arm-none-eabi/lib/thumb/v7e-m+fp/hard\libc_nano.a(libc_a-nano-vfprintf_float.o)
                0x0800ebd0                _printf_float
 .text._printf_common
                0x0800f024       0xda C:/ST/STM32CubeIDE_1.18.1/STM32CubeIDE/plugins/com.st.stm32cube.ide.mcu.externaltools.gnu-tools-for-stm32.13.3.rel1.win32_1.0.0.202411081344/tools/bin/../lib/gcc/arm-none-eabi/13.3.1/../../../../arm-none-eabi/lib/thumb/v7e-m+fp/hard\libc_nano.a(libc_a-nano-vfprintf_i.o)
                0x0800f024                _printf_common
 *fill*         0x0800f0fe        0x2 
 .text._printf_i
                0x0800f100      0x23c C:/ST/STM32CubeIDE_1.18.1/STM32CubeIDE/plugins/com.st.stm32cube.ide.mcu.externaltools.gnu-tools-for-stm32.13.3.rel1.win32_1.0.0.202411081344/tools/bin/../lib/gcc/arm-none-eabi/13.3.1/../../../../arm-none-eabi/lib/thumb/v7e-m+fp/hard\libc_nano.a(libc_a-nano-vfprintf_i.o)
                0x0800f100                _printf_i
 .text._scanf_float
                0x0800f33c      0x41c C:/ST/STM32CubeIDE_1.18.1/STM32CubeIDE/plugins/com.st.stm32cube.ide.mcu.externaltools.gnu-tools-for-stm32.13.3.rel1.win32_1.0.0.202411081344/tools/bin/../lib/gcc/arm-none-eabi/13.3.1/../../../../arm-none-eabi/lib/thumb/v7e-m+fp/hard\libc_nano.a(libc_a-nano-vfscanf_float.o)
                0x0800f33c                _scanf_float
 .text.std      0x0800f758       0x6c C:/ST/STM32CubeIDE_1.18.1/STM32CubeIDE/plugins/com.st.stm32cube.ide.mcu.externaltools.gnu-tools-for-stm32.13.3.rel1.win32_1.0.0.202411081344/tools/bin/../lib/gcc/arm-none-eabi/13.3.1/../../../../arm-none-eabi/lib/thumb/v7e-m+fp/hard\libc_nano.a(libc_a-findfp.o)
 .text.stdio_exit_handler
                0x0800f7c4       0x18 C:/ST/STM32CubeIDE_1.18.1/STM32CubeIDE/plugins/com.st.stm32cube.ide.mcu.externaltools.gnu-tools-for-stm32.13.3.rel1.win32_1.0.0.202411081344/tools/bin/../lib/gcc/arm-none-eabi/13.3.1/../../../../arm-none-eabi/lib/thumb/v7e-m+fp/hard\libc_nano.a(libc_a-findfp.o)
 .text.cleanup_stdio
                0x0800f7dc       0x40 C:/ST/STM32CubeIDE_1.18.1/STM32CubeIDE/plugins/com.st.stm32cube.ide.mcu.externaltools.gnu-tools-for-stm32.13.3.rel1.win32_1.0.0.202411081344/tools/bin/../lib/gcc/arm-none-eabi/13.3.1/../../../../arm-none-eabi/lib/thumb/v7e-m+fp/hard\libc_nano.a(libc_a-findfp.o)
 .text.global_stdio_init.part.0
                0x0800f81c       0x3c C:/ST/STM32CubeIDE_1.18.1/STM32CubeIDE/plugins/com.st.stm32cube.ide.mcu.externaltools.gnu-tools-for-stm32.13.3.rel1.win32_1.0.0.202411081344/tools/bin/../lib/gcc/arm-none-eabi/13.3.1/../../../../arm-none-eabi/lib/thumb/v7e-m+fp/hard\libc_nano.a(libc_a-findfp.o)
 .text.__sfp_lock_acquire
                0x0800f858        0xc C:/ST/STM32CubeIDE_1.18.1/STM32CubeIDE/plugins/com.st.stm32cube.ide.mcu.externaltools.gnu-tools-for-stm32.13.3.rel1.win32_1.0.0.202411081344/tools/bin/../lib/gcc/arm-none-eabi/13.3.1/../../../../arm-none-eabi/lib/thumb/v7e-m+fp/hard\libc_nano.a(libc_a-findfp.o)
                0x0800f858                __sfp_lock_acquire
 .text.__sfp_lock_release
                0x0800f864        0xc C:/ST/STM32CubeIDE_1.18.1/STM32CubeIDE/plugins/com.st.stm32cube.ide.mcu.externaltools.gnu-tools-for-stm32.13.3.rel1.win32_1.0.0.202411081344/tools/bin/../lib/gcc/arm-none-eabi/13.3.1/../../../../arm-none-eabi/lib/thumb/v7e-m+fp/hard\libc_nano.a(libc_a-findfp.o)
                0x0800f864                __sfp_lock_release
 .text.__sinit  0x0800f870       0x30 C:/ST/STM32CubeIDE_1.18.1/STM32CubeIDE/plugins/com.st.stm32cube.ide.mcu.externaltools.gnu-tools-for-stm32.13.3.rel1.win32_1.0.0.202411081344/tools/bin/../lib/gcc/arm-none-eabi/13.3.1/../../../../arm-none-eabi/lib/thumb/v7e-m+fp/hard\libc_nano.a(libc_a-findfp.o)
                0x0800f870                __sinit
 .text._fwalk_sglue
                0x0800f8a0       0x3c C:/ST/STM32CubeIDE_1.18.1/STM32CubeIDE/plugins/com.st.stm32cube.ide.mcu.externaltools.gnu-tools-for-stm32.13.3.rel1.win32_1.0.0.202411081344/tools/bin/../lib/gcc/arm-none-eabi/13.3.1/../../../../arm-none-eabi/lib/thumb/v7e-m+fp/hard\libc_nano.a(libc_a-fwalk.o)
                0x0800f8a0                _fwalk_sglue
 .text.snprintf
                0x0800f8dc       0x6c C:/ST/STM32CubeIDE_1.18.1/STM32CubeIDE/plugins/com.st.stm32cube.ide.mcu.externaltools.gnu-tools-for-stm32.13.3.rel1.win32_1.0.0.202411081344/tools/bin/../lib/gcc/arm-none-eabi/13.3.1/../../../../arm-none-eabi/lib/thumb/v7e-m+fp/hard\libc_nano.a(libc_a-snprintf.o)
                0x0800f8dc                sniprintf
                0x0800f8dc                snprintf
 .text.sprintf  0x0800f948       0x44 C:/ST/STM32CubeIDE_1.18.1/STM32CubeIDE/plugins/com.st.stm32cube.ide.mcu.externaltools.gnu-tools-for-stm32.13.3.rel1.win32_1.0.0.202411081344/tools/bin/../lib/gcc/arm-none-eabi/13.3.1/../../../../arm-none-eabi/lib/thumb/v7e-m+fp/hard\libc_nano.a(libc_a-sprintf.o)
                0x0800f948                siprintf
                0x0800f948                sprintf
 .text.sscanf   0x0800f98c       0x58 C:/ST/STM32CubeIDE_1.18.1/STM32CubeIDE/plugins/com.st.stm32cube.ide.mcu.externaltools.gnu-tools-for-stm32.13.3.rel1.win32_1.0.0.202411081344/tools/bin/../lib/gcc/arm-none-eabi/13.3.1/../../../../arm-none-eabi/lib/thumb/v7e-m+fp/hard\libc_nano.a(libc_a-sscanf.o)
                0x0800f98c                siscanf
                0x0800f98c                sscanf
 .text.__sread  0x0800f9e4       0x22 C:/ST/STM32CubeIDE_1.18.1/STM32CubeIDE/plugins/com.st.stm32cube.ide.mcu.externaltools.gnu-tools-for-stm32.13.3.rel1.win32_1.0.0.202411081344/tools/bin/../lib/gcc/arm-none-eabi/13.3.1/../../../../arm-none-eabi/lib/thumb/v7e-m+fp/hard\libc_nano.a(libc_a-stdio.o)
                0x0800f9e4                __sread
 .text.__seofread
                0x0800fa06        0x4 C:/ST/STM32CubeIDE_1.18.1/STM32CubeIDE/plugins/com.st.stm32cube.ide.mcu.externaltools.gnu-tools-for-stm32.13.3.rel1.win32_1.0.0.202411081344/tools/bin/../lib/gcc/arm-none-eabi/13.3.1/../../../../arm-none-eabi/lib/thumb/v7e-m+fp/hard\libc_nano.a(libc_a-stdio.o)
                0x0800fa06                __seofread
 .text.__swrite
                0x0800fa0a       0x38 C:/ST/STM32CubeIDE_1.18.1/STM32CubeIDE/plugins/com.st.stm32cube.ide.mcu.externaltools.gnu-tools-for-stm32.13.3.rel1.win32_1.0.0.202411081344/tools/bin/../lib/gcc/arm-none-eabi/13.3.1/../../../../arm-none-eabi/lib/thumb/v7e-m+fp/hard\libc_nano.a(libc_a-stdio.o)
                0x0800fa0a                __swrite
 .text.__sseek  0x0800fa42       0x24 C:/ST/STM32CubeIDE_1.18.1/STM32CubeIDE/plugins/com.st.stm32cube.ide.mcu.externaltools.gnu-tools-for-stm32.13.3.rel1.win32_1.0.0.202411081344/tools/bin/../lib/gcc/arm-none-eabi/13.3.1/../../../../arm-none-eabi/lib/thumb/v7e-m+fp/hard\libc_nano.a(libc_a-stdio.o)
                0x0800fa42                __sseek
 .text.__sclose
                0x0800fa66        0x8 C:/ST/STM32CubeIDE_1.18.1/STM32CubeIDE/plugins/com.st.stm32cube.ide.mcu.externaltools.gnu-tools-for-stm32.13.3.rel1.win32_1.0.0.202411081344/tools/bin/../lib/gcc/arm-none-eabi/13.3.1/../../../../arm-none-eabi/lib/thumb/v7e-m+fp/hard\libc_nano.a(libc_a-stdio.o)
                0x0800fa66                __sclose
 .text.memset   0x0800fa6e       0x10 C:/ST/STM32CubeIDE_1.18.1/STM32CubeIDE/plugins/com.st.stm32cube.ide.mcu.externaltools.gnu-tools-for-stm32.13.3.rel1.win32_1.0.0.202411081344/tools/bin/../lib/gcc/arm-none-eabi/13.3.1/../../../../arm-none-eabi/lib/thumb/v7e-m+fp/hard\libc_nano.a(libc_a-memset.o)
                0x0800fa6e                memset
 .text.strchr   0x0800fa7e       0x1a C:/ST/STM32CubeIDE_1.18.1/STM32CubeIDE/plugins/com.st.stm32cube.ide.mcu.externaltools.gnu-tools-for-stm32.13.3.rel1.win32_1.0.0.202411081344/tools/bin/../lib/gcc/arm-none-eabi/13.3.1/../../../../arm-none-eabi/lib/thumb/v7e-m+fp/hard\libc_nano.a(libc_a-strchr.o)
                0x0800fa7e                strchr
 .text.strncat  0x0800fa98       0x26 C:/ST/STM32CubeIDE_1.18.1/STM32CubeIDE/plugins/com.st.stm32cube.ide.mcu.externaltools.gnu-tools-for-stm32.13.3.rel1.win32_1.0.0.202411081344/tools/bin/../lib/gcc/arm-none-eabi/13.3.1/../../../../arm-none-eabi/lib/thumb/v7e-m+fp/hard\libc_nano.a(libc_a-strncat.o)
                0x0800fa98                strncat
 .text.strncmp  0x0800fabe       0x24 C:/ST/STM32CubeIDE_1.18.1/STM32CubeIDE/plugins/com.st.stm32cube.ide.mcu.externaltools.gnu-tools-for-stm32.13.3.rel1.win32_1.0.0.202411081344/tools/bin/../lib/gcc/arm-none-eabi/13.3.1/../../../../arm-none-eabi/lib/thumb/v7e-m+fp/hard\libc_nano.a(libc_a-strncmp.o)
                0x0800fabe                strncmp
 .text.strncpy  0x0800fae2       0x26 C:/ST/STM32CubeIDE_1.18.1/STM32CubeIDE/plugins/com.st.stm32cube.ide.mcu.externaltools.gnu-tools-for-stm32.13.3.rel1.win32_1.0.0.202411081344/tools/bin/../lib/gcc/arm-none-eabi/13.3.1/../../../../arm-none-eabi/lib/thumb/v7e-m+fp/hard\libc_nano.a(libc_a-strncpy.o)
                0x0800fae2                strncpy
 .text.strtok   0x0800fb08       0x68 C:/ST/STM32CubeIDE_1.18.1/STM32CubeIDE/plugins/com.st.stm32cube.ide.mcu.externaltools.gnu-tools-for-stm32.13.3.rel1.win32_1.0.0.202411081344/tools/bin/../lib/gcc/arm-none-eabi/13.3.1/../../../../arm-none-eabi/lib/thumb/v7e-m+fp/hard\libc_nano.a(libc_a-strtok.o)
                0x0800fb08                strtok
 .text.__strtok_r
                0x0800fb70       0x50 C:/ST/STM32CubeIDE_1.18.1/STM32CubeIDE/plugins/com.st.stm32cube.ide.mcu.externaltools.gnu-tools-for-stm32.13.3.rel1.win32_1.0.0.202411081344/tools/bin/../lib/gcc/arm-none-eabi/13.3.1/../../../../arm-none-eabi/lib/thumb/v7e-m+fp/hard\libc_nano.a(libc_a-strtok_r.o)
                0x0800fb70                __strtok_r
 .text.strstr   0x0800fbc0       0x2c C:/ST/STM32CubeIDE_1.18.1/STM32CubeIDE/plugins/com.st.stm32cube.ide.mcu.externaltools.gnu-tools-for-stm32.13.3.rel1.win32_1.0.0.202411081344/tools/bin/../lib/gcc/arm-none-eabi/13.3.1/../../../../arm-none-eabi/lib/thumb/v7e-m+fp/hard\libc_nano.a(libc_a-strstr.o)
                0x0800fbc0                strstr
 .text._localeconv_r
                0x0800fbec        0x8 C:/ST/STM32CubeIDE_1.18.1/STM32CubeIDE/plugins/com.st.stm32cube.ide.mcu.externaltools.gnu-tools-for-stm32.13.3.rel1.win32_1.0.0.202411081344/tools/bin/../lib/gcc/arm-none-eabi/13.3.1/../../../../arm-none-eabi/lib/thumb/v7e-m+fp/hard\libc_nano.a(libc_a-localeconv.o)
                0x0800fbec                _localeconv_r
 .text._close_r
                0x0800fbf4       0x20 C:/ST/STM32CubeIDE_1.18.1/STM32CubeIDE/plugins/com.st.stm32cube.ide.mcu.externaltools.gnu-tools-for-stm32.13.3.rel1.win32_1.0.0.202411081344/tools/bin/../lib/gcc/arm-none-eabi/13.3.1/../../../../arm-none-eabi/lib/thumb/v7e-m+fp/hard\libc_nano.a(libc_a-closer.o)
                0x0800fbf4                _close_r
 .text._lseek_r
                0x0800fc14       0x24 C:/ST/STM32CubeIDE_1.18.1/STM32CubeIDE/plugins/com.st.stm32cube.ide.mcu.externaltools.gnu-tools-for-stm32.13.3.rel1.win32_1.0.0.202411081344/tools/bin/../lib/gcc/arm-none-eabi/13.3.1/../../../../arm-none-eabi/lib/thumb/v7e-m+fp/hard\libc_nano.a(libc_a-lseekr.o)
                0x0800fc14                _lseek_r
 .text._read_r  0x0800fc38       0x24 C:/ST/STM32CubeIDE_1.18.1/STM32CubeIDE/plugins/com.st.stm32cube.ide.mcu.externaltools.gnu-tools-for-stm32.13.3.rel1.win32_1.0.0.202411081344/tools/bin/../lib/gcc/arm-none-eabi/13.3.1/../../../../arm-none-eabi/lib/thumb/v7e-m+fp/hard\libc_nano.a(libc_a-readr.o)
                0x0800fc38                _read_r
 .text._write_r
                0x0800fc5c       0x24 C:/ST/STM32CubeIDE_1.18.1/STM32CubeIDE/plugins/com.st.stm32cube.ide.mcu.externaltools.gnu-tools-for-stm32.13.3.rel1.win32_1.0.0.202411081344/tools/bin/../lib/gcc/arm-none-eabi/13.3.1/../../../../arm-none-eabi/lib/thumb/v7e-m+fp/hard\libc_nano.a(libc_a-writer.o)
                0x0800fc5c                _write_r
 .text.__errno  0x0800fc80        0xc C:/ST/STM32CubeIDE_1.18.1/STM32CubeIDE/plugins/com.st.stm32cube.ide.mcu.externaltools.gnu-tools-for-stm32.13.3.rel1.win32_1.0.0.202411081344/tools/bin/../lib/gcc/arm-none-eabi/13.3.1/../../../../arm-none-eabi/lib/thumb/v7e-m+fp/hard\libc_nano.a(libc_a-errno.o)
                0x0800fc80                __errno
 .text.__libc_init_array
                0x0800fc8c       0x48 C:/ST/STM32CubeIDE_1.18.1/STM32CubeIDE/plugins/com.st.stm32cube.ide.mcu.externaltools.gnu-tools-for-stm32.13.3.rel1.win32_1.0.0.202411081344/tools/bin/../lib/gcc/arm-none-eabi/13.3.1/../../../../arm-none-eabi/lib/thumb/v7e-m+fp/hard\libc_nano.a(libc_a-init.o)
                0x0800fc8c                __libc_init_array
 .text.__retarget_lock_init_recursive
                0x0800fcd4        0x2 C:/ST/STM32CubeIDE_1.18.1/STM32CubeIDE/plugins/com.st.stm32cube.ide.mcu.externaltools.gnu-tools-for-stm32.13.3.rel1.win32_1.0.0.202411081344/tools/bin/../lib/gcc/arm-none-eabi/13.3.1/../../../../arm-none-eabi/lib/thumb/v7e-m+fp/hard\libc_nano.a(libc_a-lock.o)
                0x0800fcd4                __retarget_lock_init_recursive
 .text.__retarget_lock_acquire_recursive
                0x0800fcd6        0x2 C:/ST/STM32CubeIDE_1.18.1/STM32CubeIDE/plugins/com.st.stm32cube.ide.mcu.externaltools.gnu-tools-for-stm32.13.3.rel1.win32_1.0.0.202411081344/tools/bin/../lib/gcc/arm-none-eabi/13.3.1/../../../../arm-none-eabi/lib/thumb/v7e-m+fp/hard\libc_nano.a(libc_a-lock.o)
                0x0800fcd6                __retarget_lock_acquire_recursive
 .text.__retarget_lock_release_recursive
                0x0800fcd8        0x2 C:/ST/STM32CubeIDE_1.18.1/STM32CubeIDE/plugins/com.st.stm32cube.ide.mcu.externaltools.gnu-tools-for-stm32.13.3.rel1.win32_1.0.0.202411081344/tools/bin/../lib/gcc/arm-none-eabi/13.3.1/../../../../arm-none-eabi/lib/thumb/v7e-m+fp/hard\libc_nano.a(libc_a-lock.o)
                0x0800fcd8                __retarget_lock_release_recursive
 .text.memcpy   0x0800fcda       0x1c C:/ST/STM32CubeIDE_1.18.1/STM32CubeIDE/plugins/com.st.stm32cube.ide.mcu.externaltools.gnu-tools-for-stm32.13.3.rel1.win32_1.0.0.202411081344/tools/bin/../lib/gcc/arm-none-eabi/13.3.1/../../../../arm-none-eabi/lib/thumb/v7e-m+fp/hard\libc_nano.a(libc_a-memcpy-stub.o)
                0x0800fcda                memcpy
 *fill*         0x0800fcf6        0x2 
 .text.nan      0x0800fcf8       0x10 C:/ST/STM32CubeIDE_1.18.1/STM32CubeIDE/plugins/com.st.stm32cube.ide.mcu.externaltools.gnu-tools-for-stm32.13.3.rel1.win32_1.0.0.202411081344/tools/bin/../lib/gcc/arm-none-eabi/13.3.1/../../../../arm-none-eabi/lib/thumb/v7e-m+fp/hard\libc_nano.a(libm_a-s_nan.o)
                0x0800fcf8                nan
 .text.nanf     0x0800fd08        0xc C:/ST/STM32CubeIDE_1.18.1/STM32CubeIDE/plugins/com.st.stm32cube.ide.mcu.externaltools.gnu-tools-for-stm32.13.3.rel1.win32_1.0.0.202411081344/tools/bin/../lib/gcc/arm-none-eabi/13.3.1/../../../../arm-none-eabi/lib/thumb/v7e-m+fp/hard\libc_nano.a(libm_a-sf_nan.o)
                0x0800fd08                nanf
 .text.__assert_func
                0x0800fd14       0x3c C:/ST/STM32CubeIDE_1.18.1/STM32CubeIDE/plugins/com.st.stm32cube.ide.mcu.externaltools.gnu-tools-for-stm32.13.3.rel1.win32_1.0.0.202411081344/tools/bin/../lib/gcc/arm-none-eabi/13.3.1/../../../../arm-none-eabi/lib/thumb/v7e-m+fp/hard\libc_nano.a(libc_a-assert.o)
                0x0800fd14                __assert_func
 .text.quorem   0x0800fd50      0x110 C:/ST/STM32CubeIDE_1.18.1/STM32CubeIDE/plugins/com.st.stm32cube.ide.mcu.externaltools.gnu-tools-for-stm32.13.3.rel1.win32_1.0.0.202411081344/tools/bin/../lib/gcc/arm-none-eabi/13.3.1/../../../../arm-none-eabi/lib/thumb/v7e-m+fp/hard\libc_nano.a(libc_a-dtoa.o)
 .text._dtoa_r  0x0800fe60      0xba0 C:/ST/STM32CubeIDE_1.18.1/STM32CubeIDE/plugins/com.st.stm32cube.ide.mcu.externaltools.gnu-tools-for-stm32.13.3.rel1.win32_1.0.0.202411081344/tools/bin/../lib/gcc/arm-none-eabi/13.3.1/../../../../arm-none-eabi/lib/thumb/v7e-m+fp/hard\libc_nano.a(libc_a-dtoa.o)
                0x0800fe60                _dtoa_r
 .text._free_r  0x08010a00       0x94 C:/ST/STM32CubeIDE_1.18.1/STM32CubeIDE/plugins/com.st.stm32cube.ide.mcu.externaltools.gnu-tools-for-stm32.13.3.rel1.win32_1.0.0.202411081344/tools/bin/../lib/gcc/arm-none-eabi/13.3.1/../../../../arm-none-eabi/lib/thumb/v7e-m+fp/hard\libc_nano.a(libc_a-freer.o)
                0x08010a00                _free_r
 .text.rshift   0x08010a94       0xa4 C:/ST/STM32CubeIDE_1.18.1/STM32CubeIDE/plugins/com.st.stm32cube.ide.mcu.externaltools.gnu-tools-for-stm32.13.3.rel1.win32_1.0.0.202411081344/tools/bin/../lib/gcc/arm-none-eabi/13.3.1/../../../../arm-none-eabi/lib/thumb/v7e-m+fp/hard\libc_nano.a(libc_a-gdtoa-gethex.o)
 .text.__hexdig_fun
                0x08010b38       0x2a C:/ST/STM32CubeIDE_1.18.1/STM32CubeIDE/plugins/com.st.stm32cube.ide.mcu.externaltools.gnu-tools-for-stm32.13.3.rel1.win32_1.0.0.202411081344/tools/bin/../lib/gcc/arm-none-eabi/13.3.1/../../../../arm-none-eabi/lib/thumb/v7e-m+fp/hard\libc_nano.a(libc_a-gdtoa-gethex.o)
                0x08010b38                __hexdig_fun
 *fill*         0x08010b62        0x2 
 .text.__gethex
                0x08010b64      0x420 C:/ST/STM32CubeIDE_1.18.1/STM32CubeIDE/plugins/com.st.stm32cube.ide.mcu.externaltools.gnu-tools-for-stm32.13.3.rel1.win32_1.0.0.202411081344/tools/bin/../lib/gcc/arm-none-eabi/13.3.1/../../../../arm-none-eabi/lib/thumb/v7e-m+fp/hard\libc_nano.a(libc_a-gdtoa-gethex.o)
                0x08010b64                __gethex
 .text.L_shift  0x08010f84       0x24 C:/ST/STM32CubeIDE_1.18.1/STM32CubeIDE/plugins/com.st.stm32cube.ide.mcu.externaltools.gnu-tools-for-stm32.13.3.rel1.win32_1.0.0.202411081344/tools/bin/../lib/gcc/arm-none-eabi/13.3.1/../../../../arm-none-eabi/lib/thumb/v7e-m+fp/hard\libc_nano.a(libc_a-gdtoa-hexnan.o)
 .text.__match  0x08010fa8       0x28 C:/ST/STM32CubeIDE_1.18.1/STM32CubeIDE/plugins/com.st.stm32cube.ide.mcu.externaltools.gnu-tools-for-stm32.13.3.rel1.win32_1.0.0.202411081344/tools/bin/../lib/gcc/arm-none-eabi/13.3.1/../../../../arm-none-eabi/lib/thumb/v7e-m+fp/hard\libc_nano.a(libc_a-gdtoa-hexnan.o)
                0x08010fa8                __match
 .text.__hexnan