../Core/Src/main.c:98:6:ResetSPIReceiver	8	static
../Core/Src/main.c:108:6:PrintSPIData	20040	static
../Core/Src/main.c:137:6:ProcessSPI_GPIO	16	static
../Core/Src/main.c:177:6:EraseFlashSector	32	static
../Core/Src/main.c:203:6:SaveToFlash	40	static
../Core/Src/main.c:231:6:ReadFromFlash	32	static
../Core/Src/main.c:249:5:main	8	static
../Core/Src/main.c:316:6:SystemClock_Config	88	static
../Core/Src/main.c:362:13:MX_DAC_Init	16	static
../Core/Src/main.c:389:13:MX_TIM3_Init	32	static
../Core/Src/main.c:422:13:MX_USART1_UART_Init	8	static
../Core/Src/main.c:443:13:MX_GPIO_Init	48	static
../Core/Src/main.c:498:6:Error_Handler	4	static
