../Core/Src/main.c:72:19:Write_Voltage_To_Flash	56	static
../Core/Src/main.c:106:7:Read_Voltage_From_Flash	16	static
../Core/Src/main.c:118:6:Spi3_Init	4	static
../Core/Src/main.c:143:10:Spi3_Read_Data	16	static
../Core/Src/main.c:167:7:Read_Temperature	16	static
../Core/Src/main.c:187:5:main	16	static
../Core/Src/main.c:293:6:SystemClock_Config	88	static
../Core/Src/main.c:339:13:MX_SPI3_Init	8	static
../Core/Src/main.c:377:13:MX_USART1_UART_Init	8	static
../Core/Src/main.c:410:13:MX_GPIO_Init	48	static
../Core/Src/main.c:456:6:Error_Handler	4	static,ignoring_inline_asm
