../Core/Src/main.c:168:6:SendUSBDebugMessage	24	static
../Core/Src/main.c:180:6:GenerateStartPulse	16	static
../Core/Src/main.c:196:6:ProcessUSBCommand	16	static
../Core/Src/main.c:213:6:ParseALSection	32	static
../Core/Src/main.c:236:6:ParsePRSection	32	static
../Core/Src/main.c:286:6:ParseParameters	1216	static
../Core/Src/main.c:351:6:SendParametersResponse	184	static
../Core/Src/main.c:377:6:SendDateTimeToBackupMCU	32	static
../Core/Src/main.c:404:6:ProcessUARTCommand	304	static
../Core/Src/main.c:531:6:SendMeasurementDataViaLoRa	216	static
../Core/Src/main.c:664:6:HAL_UART_RxCpltCallback	16	static
../Core/Src/main.c:690:6:InitializeLoRa	24	static
../Core/Src/main.c:780:6:SendTestDataViaLoRa	16	static
../Core/Src/main.c:813:6:SendUARTResponse	16	static
../Core/Src/main.c:822:6:PrintDataToUSB	168	static
../Core/Src/main.c:851:6:FPGA_LoadConfig	64	static,ignoring_inline_asm
../Core/Src/main.c:934:6:ReadFPGAData	56	static,ignoring_inline_asm
../Core/Src/main.c:1009:6:Set_DAC_Voltage	24	static
../Core/Src/main.c:1024:5:main	24	static
../Core/Src/main.c:1125:6:SystemClock_Config	88	static
../Core/Src/main.c:1171:13:MX_DAC_Init	16	static
../Core/Src/main.c:1211:13:MX_SPI2_Init	8	static
../Core/Src/main.c:1249:13:MX_TIM3_Init	32	static
../Core/Src/main.c:1294:13:MX_USART1_UART_Init	8	static
../Core/Src/main.c:1327:13:MX_GPIO_Init	56	static
../Core/Src/main.c:1419:13:MX_FSMC_Init	40	static
../Core/Src/main.c:1477:6:Error_Handler	4	static
