../Core/Src/main.c:166:6:SendUSBDebugMessage	24	static
../Core/Src/main.c:178:6:GenerateStartPulse	16	static
../Core/Src/main.c:194:6:ProcessUSBCommand	16	static
../Core/Src/main.c:211:6:ParseALSection	32	static
../Core/Src/main.c:234:6:ParsePRSection	32	static
../Core/Src/main.c:284:6:ParseParameters	1224	static
../Core/Src/main.c:358:6:SendParametersResponse	184	static
../Core/Src/main.c:384:6:SendDateTimeToBackupMCU	32	static
../Core/Src/main.c:411:6:ProcessUARTCommand	304	static
../Core/Src/main.c:539:6:InitializeLoRa	24	static
../Core/Src/main.c:626:6:SendMeasurementDataViaLoRa	216	static
../Core/Src/main.c:759:6:HAL_UART_RxCpltCallback	16	static
../Core/Src/main.c:788:6:SendTestDataViaLoRa	16	static
../Core/Src/main.c:821:6:SendUARTResponse	16	static
../Core/Src/main.c:830:6:ReadFPGAData	72	static,ignoring_inline_asm
../Core/Src/main.c:962:6:PrintDataToUSB	168	static
../Core/Src/main.c:1000:6:FPGA_LoadConfig	64	static,ignoring_inline_asm
../Core/Src/main.c:1106:6:Set_DAC_Voltage	16	static
../Core/Src/main.c:1117:5:main	24	static
../Core/Src/main.c:1238:6:SystemClock_Config	88	static
../Core/Src/main.c:1284:13:MX_DAC_Init	16	static
../Core/Src/main.c:1324:13:MX_SPI2_Init	8	static
../Core/Src/main.c:1362:13:MX_TIM3_Init	32	static
../Core/Src/main.c:1407:13:MX_USART1_UART_Init	8	static
../Core/Src/main.c:1440:13:MX_GPIO_Init	56	static
../Core/Src/main.c:1558:6:Error_Handler	4	static
