../Core/Src/main.c:98:6:ResetSPIReceiver	8	static
../Core/Src/main.c:108:6:PrintSPIData	2032	static
../Core/Src/main.c:135:6:ProcessSPI_GPIO	16	static
../Core/Src/main.c:175:6:EraseFlashSector	32	static
../Core/Src/main.c:201:6:SaveToFlash	40	static
../Core/Src/main.c:229:6:ReadFromFlash	32	static
../Core/Src/main.c:247:5:main	8	static
../Core/Src/main.c:315:6:SystemClock_Config	88	static
../Core/Src/main.c:361:13:MX_DAC_Init	16	static
../Core/Src/main.c:388:13:MX_TIM3_Init	32	static
../Core/Src/main.c:421:13:MX_USART1_UART_Init	8	static
../Core/Src/main.c:442:13:MX_GPIO_Init	48	static
../Core/Src/main.c:497:6:Error_Handler	4	static
