../Core/Src/main.c:137:10:CalculateCRC32	32	static
../Core/Src/main.c:151:6:LoadParametersFromFlash	24	static
../Core/Src/main.c:172:6:SaveParametersToFlash	32	static
../Core/Src/main.c:199:6:InitializeParameters	8	static
../Core/Src/main.c:224:6:SendUSBDebugMessage	24	static
../Core/Src/main.c:234:6:ParseParameters	336	static
../Core/Src/main.c:309:6:SendParametersResponse	152	static
../Core/Src/main.c:333:6:GenerateStartPulse	16	static
../Core/Src/main.c:356:6:ProcessUSBCommand	16	static
../Core/Src/main.c:369:6:NormalizeData	18408	static
../Core/Src/main.c:382:6:CalculateAutocorrelation	48	static
../Core/Src/main.c:395:10:FindMaxAutocorrelationIndex	24	static
../Core/Src/main.c:420:6:CalculateZeroCrossingThickness	56	static
../Core/Src/main.c:471:6:CalculateStrobeThickness	56	static
../Core/Src/main.c:515:6:CalculateAndSendACFThickness	24	static
../Core/Src/main.c:530:6:PrintMeasurementDataToUSB	168	static
../Core/Src/main.c:554:6:CheckThreshold	24	static
../Core/Src/main.c:571:6:AddRandomNoiseAndExtend	40	static
../Core/Src/main.c:589:6:ProcessCycle	24	static
../Core/Src/main.c:628:6:ProcessDataByMethod	24	static
../Core/Src/main.c:686:5:main	8	static
../Core/Src/main.c:753:6:SystemClock_Config	88	static
../Core/Src/main.c:799:13:MX_DAC_Init	16	static
../Core/Src/main.c:839:13:MX_TIM3_Init	32	static
../Core/Src/main.c:884:13:MX_USART1_UART_Init	8	static
../Core/Src/main.c:917:13:MX_GPIO_Init	56	static
../Core/Src/main.c:978:13:MX_FSMC_Init	40	static
../Core/Src/main.c:1037:6:Error_Handler	4	static
