../Core/Src/main.c:167:6:SendUSBDebugMessage	24	static
../Core/Src/main.c:179:6:GenerateStartPulse	16	static
../Core/Src/main.c:202:6:ProcessUSBCommand	16	static
../Core/Src/main.c:220:6:ParseParameters	336	static
../Core/Src/main.c:298:6:SendParametersResponse	152	static
../Core/Src/main.c:321:6:SendDateTimeToBackupMCU	16	static
../Core/Src/main.c:345:6:ProcessUARTCommand	296	static
../Core/Src/main.c:441:6:SendMeasurementDataViaLoRa	200	static
../Core/Src/main.c:583:6:HAL_UART_RxCpltCallback	16	static
../Core/Src/main.c:609:6:InitializeLoRa	24	static
../Core/Src/main.c:697:6:SendTestDataViaLoRa	16	static
../Core/Src/main.c:734:6:SendUARTResponse	16	static
../Core/Src/main.c:746:6:PrintDataToUSB	160	static
../Core/Src/main.c:778:6:CheckAndLoadFPGAConfig	16	static
../Core/Src/main.c:801:6:FPGA_SendConfig	56	static,ignoring_inline_asm
../Core/Src/main.c:866:6:ReadFPGAData	56	static,ignoring_inline_asm
../Core/Src/main.c:969:5:main	8	static
../Core/Src/main.c:1083:6:SystemClock_Config	88	static
../Core/Src/main.c:1129:13:MX_DAC_Init	16	static
../Core/Src/main.c:1169:13:MX_SPI2_Init	8	static
../Core/Src/main.c:1207:13:MX_TIM3_Init	32	static
../Core/Src/main.c:1252:13:MX_USART1_UART_Init	8	static
../Core/Src/main.c:1285:13:MX_GPIO_Init	56	static
../Core/Src/main.c:1361:13:MX_FSMC_Init	40	static
../Core/Src/main.c:1419:6:Error_Handler	4	static
