../Core/Src/main.c:168:10:CalculateCRC32	32	static
../Core/Src/main.c:182:6:LoadParametersFromFlash	24	static
../Core/Src/main.c:203:6:SaveParametersToFlash	32	static
../Core/Src/main.c:230:6:InitializeParameters	8	static
../Core/Src/main.c:255:6:SendUSBDebugMessage	24	static
../Core/Src/main.c:265:6:ParseParameters	336	static
../Core/Src/main.c:343:6:SendParametersResponse	152	static
../Core/Src/main.c:367:6:GenerateStartPulse	16	static
../Core/Src/main.c:390:6:ProcessUSBCommand	16	static
../Core/Src/main.c:403:6:NormalizeData	18408	static
../Core/Src/main.c:416:6:CalculateAutocorrelation	48	static
../Core/Src/main.c:429:10:FindMaxAutocorrelationIndex	24	static
../Core/Src/main.c:454:6:CalculateZeroCrossingThickness	56	static
../Core/Src/main.c:509:6:CalculateStrobeThickness	56	static
../Core/Src/main.c:553:6:CalculateAndSendACFThickness	16	static
../Core/Src/main.c:568:6:PrintMeasurementDataToUSB	168	static
../Core/Src/main.c:592:6:CheckThreshold	24	static
../Core/Src/main.c:609:6:AddRandomNoiseAndExtend	40	static
../Core/Src/main.c:627:6:ProcessCycle	24	static
../Core/Src/main.c:666:6:ProcessDataByMethod	24	static
../Core/Src/main.c:724:6:SendDateTimeToBackupMCU	16	static
../Core/Src/main.c:757:6:ProcessUARTCommand	368	static
../Core/Src/main.c:957:6:HAL_UART_RxCpltCallback	16	static
../Core/Src/main.c:978:10:Read_Thermocouple_Temperature	48	static
../Core/Src/main.c:1018:7:Get_Thermocouple_Temperature	16	static
../Core/Src/main.c:1042:5:main	8	static
../Core/Src/main.c:1118:6:SystemClock_Config	88	static
../Core/Src/main.c:1164:13:MX_DAC_Init	16	static
../Core/Src/main.c:1204:13:MX_TIM3_Init	32	static
../Core/Src/main.c:1249:13:MX_USART1_UART_Init	8	static
../Core/Src/main.c:1282:13:MX_GPIO_Init	56	static
../Core/Src/main.c:1343:13:MX_FSMC_Init	40	static
../Core/Src/main.c:1402:6:Error_Handler	4	static
