../Core/Src/main.c:105:10:Read_Thermocouple_Temperature	48	static
../Core/Src/main.c:152:6:Send_Temperature_To_USB	56	static
../Core/Src/main.c:173:6:ReadFPGAData	24	static,ignoring_inline_asm
../Core/Src/main.c:197:6:PrintDataToUSB	88	static
../Core/Src/main.c:226:6:SendUSBDebugMessage	24	static
../Core/Src/main.c:236:6:GenerateStartPulse	16	static
../Core/Src/main.c:254:6:ProcessUSBCommand	16	static
../Core/Src/main.c:283:6:FPGA_SendConfig	56	static,ignoring_inline_asm
../Core/Src/main.c:346:6:Set_DAC_Voltage	64	static
../Core/Src/main.c:366:5:main	16	static
../Core/Src/main.c:455:6:SystemClock_Config	88	static
../Core/Src/main.c:501:13:MX_DAC_Init	16	static
../Core/Src/main.c:541:13:MX_TIM3_Init	32	static
../Core/Src/main.c:586:13:MX_USART1_UART_Init	8	static
../Core/Src/main.c:619:13:MX_GPIO_Init	56	static
../Core/Src/main.c:680:13:MX_FSMC_Init	40	static
../Core/Src/main.c:739:6:Error_Handler	4	static
