../Core/Src/main.c:171:6:SendUSBDebugMessage	24	static
../Core/Src/main.c:183:6:GenerateStartPulse	16	static
../Core/Src/main.c:199:6:ProcessUSBCommand	16	static
../Core/Src/main.c:216:6:ParseALSection	32	static
../Core/Src/main.c:239:6:ParsePRSection	32	static
../Core/Src/main.c:289:6:ParseParameters	1224	static
../Core/Src/main.c:363:6:SendParametersResponse	184	static
../Core/Src/main.c:389:6:SendDateTimeToBackupMCU	32	static
../Core/Src/main.c:416:6:ProcessUARTCommand	304	static
../Core/Src/main.c:544:6:SendMeasurementDataViaLoRa	216	static
../Core/Src/main.c:677:6:HAL_UART_RxCpltCallback	16	static
../Core/Src/main.c:703:6:InitializeLoRa	24	static
../Core/Src/main.c:793:6:SendTestDataViaLoRa	16	static
../Core/Src/main.c:826:6:SendUARTResponse	16	static
../Core/Src/main.c:835:6:PrintDataToUSB	168	static
../Core/Src/main.c:864:6:FPGA_LoadConfig	64	static,ignoring_inline_asm
../Core/Src/main.c:947:6:ReadFPGAData	56	static,ignoring_inline_asm
../Core/Src/main.c:1022:6:Set_DAC_Voltage	24	static
../Core/Src/main.c:1037:5:main	24	static
../Core/Src/main.c:1141:6:SystemClock_Config	88	static
../Core/Src/main.c:1187:13:MX_DAC_Init	16	static
../Core/Src/main.c:1227:13:MX_SPI2_Init	8	static
../Core/Src/main.c:1265:13:MX_TIM3_Init	32	static
../Core/Src/main.c:1310:13:MX_USART1_UART_Init	8	static
../Core/Src/main.c:1343:13:MX_GPIO_Init	56	static
../Core/Src/main.c:1435:13:MX_FSMC_Init	40	static
../Core/Src/main.c:1493:6:Error_Handler	4	static
