../Core/Src/main.c:131:10:CalculateCRC32	32	static
../Core/Src/main.c:145:6:LoadParametersFromFlash	24	static
../Core/Src/main.c:166:6:SaveParametersToFlash	32	static
../Core/Src/main.c:193:6:InitializeParameters	8	static
../Core/Src/main.c:216:6:SendUSBDebugMessage	24	static
../Core/Src/main.c:226:6:ParseParameters	288	static
../Core/Src/main.c:286:6:SendParametersResponse	120	static
../Core/Src/main.c:308:6:GenerateStartPulse	16	static
../Core/Src/main.c:331:6:ProcessUSBCommand	16	static
../Core/Src/main.c:344:6:NormalizeData	18408	static
../Core/Src/main.c:357:6:CalculateAutocorrelation	48	static
../Core/Src/main.c:370:10:FindMaxAutocorrelationIndex	24	static
../Core/Src/main.c:395:6:CalculateZeroCrossingThickness	56	static
../Core/Src/main.c:446:6:CalculateStrobeThickness	56	static
../Core/Src/main.c:490:6:CalculateAndSendACFThickness	24	static
../Core/Src/main.c:505:6:PrintMeasurementDataToUSB	168	static
../Core/Src/main.c:529:6:CheckThreshold	24	static
../Core/Src/main.c:546:6:AddRandomNoiseAndExtend	40	static
../Core/Src/main.c:564:6:ProcessCycle	24	static
../Core/Src/main.c:598:6:ProcessDataByMethod	16	static
../Core/Src/main.c:651:5:main	8	static
../Core/Src/main.c:718:6:SystemClock_Config	88	static
../Core/Src/main.c:764:13:MX_DAC_Init	16	static
../Core/Src/main.c:804:13:MX_TIM3_Init	32	static
../Core/Src/main.c:849:13:MX_USART1_UART_Init	8	static
../Core/Src/main.c:882:13:MX_GPIO_Init	56	static
../Core/Src/main.c:943:13:MX_FSMC_Init	40	static
../Core/Src/main.c:1002:6:Error_Handler	4	static
