../Core/Src/main.c:109:6:InitializeParameters	8	static
../Core/Src/main.c:131:6:FreeParameters	8	static
../Core/Src/main.c:164:6:SendUSBDebugMessage	24	static
../Core/Src/main.c:174:6:ParseParameters	296	static
../Core/Src/main.c:225:6:SendParametersResponse	104	static
../Core/Src/main.c:247:6:GenerateStartPulse	16	static
../Core/Src/main.c:264:6:ProcessUSBCommand	16	static
../Core/Src/main.c:277:6:NormalizeData	18408	static
../Core/Src/main.c:290:6:CalculateAutocorrelation	48	static
../Core/Src/main.c:303:10:FindMaxAutocorrelationIndex	24	static
../Core/Src/main.c:325:6:CalculateZeroCrossingThickness	56	static
../Core/Src/main.c:376:6:CalculateStrobeThickness	56	static
../Core/Src/main.c:421:6:CalculateAndSendACFThickness	24	static
../Core/Src/main.c:436:6:PrintMeasurementDataToUSB	168	static
../Core/Src/main.c:459:6:CheckThreshold	24	static
../Core/Src/main.c:476:6:ProcessDataByMethod	8	static
../Core/Src/main.c:512:5:main	8	static
../Core/Src/main.c:590:6:SystemClock_Config	88	static
../Core/Src/main.c:636:13:MX_DAC_Init	16	static
../Core/Src/main.c:676:13:MX_TIM3_Init	32	static
../Core/Src/main.c:721:13:MX_USART1_UART_Init	8	static
../Core/Src/main.c:754:13:MX_GPIO_Init	56	static
../Core/Src/main.c:815:13:MX_FSMC_Init	40	static
../Core/Src/main.c:874:6:Error_Handler	4	static
