../Core/Src/main.c:171:6:SendUSBDebugMessage	24	static
../Core/Src/main.c:183:6:GenerateStartPulse	16	static
../Core/Src/main.c:199:6:ProcessUSBCommand	16	static
../Core/Src/main.c:216:6:ParseALSection	32	static
../Core/Src/main.c:239:6:ParsePRSection	32	static
../Core/Src/main.c:293:6:ParseParameters	1224	static
../Core/Src/main.c:367:6:SendParametersResponse	184	static
../Core/Src/main.c:393:6:SendDateTimeToBackupMCU	32	static
../Core/Src/main.c:420:6:ProcessUARTCommand	304	static
../Core/Src/main.c:548:6:SendMeasurementDataViaLoRa	216	static
../Core/Src/main.c:681:6:HAL_UART_RxCpltCallback	16	static
../Core/Src/main.c:707:6:InitializeLoRa	24	static
../Core/Src/main.c:797:6:SendTestDataViaLoRa	16	static
../Core/Src/main.c:830:6:SendUARTResponse	16	static
../Core/Src/main.c:839:6:PrintDataToUSB	168	static
../Core/Src/main.c:868:6:FPGA_LoadConfig	64	static,ignoring_inline_asm
../Core/Src/main.c:951:6:ReadFPGAData	56	static,ignoring_inline_asm
../Core/Src/main.c:1026:6:Set_DAC_Voltage	24	static
../Core/Src/main.c:1041:5:main	24	static
../Core/Src/main.c:1144:6:SystemClock_Config	88	static
../Core/Src/main.c:1190:13:MX_DAC_Init	16	static
../Core/Src/main.c:1230:13:MX_SPI2_Init	8	static
../Core/Src/main.c:1268:13:MX_TIM3_Init	32	static
../Core/Src/main.c:1313:13:MX_USART1_UART_Init	8	static
../Core/Src/main.c:1346:13:MX_GPIO_Init	56	static
../Core/Src/main.c:1438:13:MX_FSMC_Init	40	static
../Core/Src/main.c:1496:6:Error_Handler	4	static
