../Core/Src/main.c:107:6:ReadFPGAData	24	static,ignoring_inline_asm
../Core/Src/main.c:131:6:PrintDataToUSB	88	static
../Core/Src/main.c:160:6:SendUSBDebugMessage	24	static
../Core/Src/main.c:171:19:Write_Voltage_To_Flash	56	static
../Core/Src/main.c:202:7:Read_Voltage_From_Flash	16	static
../Core/Src/main.c:214:6:Set_DAC_Voltage	24	static
../Core/Src/main.c:229:5:main	16	static
../Core/Src/main.c:320:6:SystemClock_Config	88	static
../Core/Src/main.c:366:13:MX_DAC_Init	16	static
../Core/Src/main.c:404:13:MX_TIM3_Init	32	static
../Core/Src/main.c:447:13:MX_USART1_UART_Init	8	static
../Core/Src/main.c:478:13:MX_GPIO_Init	48	static
../Core/Src/main.c:518:13:MX_FSMC_Init	40	static
../Core/Src/main.c:576:6:Error_Handler	4	static
