../Core/Src/main.c:101:6:SendUSBDebugMessage	24	static
../Core/Src/main.c:111:6:GenerateStartPulse	16	static
../Core/Src/main.c:129:6:ProcessUSBCommand	16	static
../Core/Src/main.c:142:6:NormalizeData	18408	static
../Core/Src/main.c:159:6:CalculateAutocorrelation	56	static
../Core/Src/main.c:182:10:FindMaxAutocorrelationIndex	24	static
../Core/Src/main.c:201:6:CalculateAndSendThickness	24	static
../Core/Src/main.c:218:6:PrintMeasurementDataToUSB	168	static
../Core/Src/main.c:250:6:CheckThreshold	24	static
../Core/Src/main.c:263:6:SaveToFlash	64	static
../Core/Src/main.c:298:6:ReadFromFlash	32	static
../Core/Src/main.c:313:6:AverageWithFlashData	18424	static
../Core/Src/main.c:329:6:CopyAndAddNoise	24	static
../Core/Src/main.c:345:5:main	8	static
../Core/Src/main.c:443:6:SystemClock_Config	88	static
../Core/Src/main.c:489:13:MX_DAC_Init	16	static
../Core/Src/main.c:529:13:MX_TIM3_Init	32	static
../Core/Src/main.c:574:13:MX_USART1_UART_Init	8	static
../Core/Src/main.c:607:13:MX_GPIO_Init	56	static
../Core/Src/main.c:668:13:MX_FSMC_Init	40	static
../Core/Src/main.c:727:6:Error_Handler	4	static
