../Core/Src/main.c:106:6:ReadFPGAData	24	static,ignoring_inline_asm
../Core/Src/main.c:129:6:PrintDataToUSB	88	static
../Core/Src/main.c:158:6:SendUSBDebugMessage	24	static
../Core/Src/main.c:169:19:Write_Voltage_To_Flash	56	static
../Core/Src/main.c:200:7:Read_Voltage_From_Flash	16	static
../Core/Src/main.c:212:6:Set_DAC_Voltage	24	static
../Core/Src/main.c:227:5:main	16	static
../Core/Src/main.c:317:6:SystemClock_Config	88	static
../Core/Src/main.c:363:13:MX_DAC_Init	16	static
../Core/Src/main.c:401:13:MX_TIM3_Init	32	static
../Core/Src/main.c:444:13:MX_USART1_UART_Init	8	static
../Core/Src/main.c:475:13:MX_GPIO_Init	48	static
../Core/Src/main.c:515:13:MX_FSMC_Init	40	static
../Core/Src/main.c:573:6:Error_Handler	4	static
