../Core/Src/main.c:167:6:SendUSBDebugMessage	24	static
../Core/Src/main.c:179:6:GenerateStartPulse	16	static
../Core/Src/main.c:202:6:ProcessUSBCommand	16	static
../Core/Src/main.c:220:6:ParseParameters	336	static
../Core/Src/main.c:298:6:SendParametersResponse	152	static
../Core/Src/main.c:321:6:SendDateTimeToBackupMCU	16	static
../Core/Src/main.c:345:6:ProcessUARTCommand	296	static
../Core/Src/main.c:449:6:SendMeasurementDataViaLoRa	200	static
../Core/Src/main.c:591:6:HAL_UART_RxCpltCallback	16	static
../Core/Src/main.c:617:6:InitializeLoRa	24	static
../Core/Src/main.c:705:6:SendTestDataViaLoRa	16	static
../Core/Src/main.c:742:6:SendUARTResponse	16	static
../Core/Src/main.c:754:6:PrintDataToUSB	160	static
../Core/Src/main.c:786:6:CheckAndLoadFPGAConfig	16	static
../Core/Src/main.c:809:6:FPGA_LoadConfig	64	static,ignoring_inline_asm
../Core/Src/main.c:945:6:FPGA_SendConfig	16	static
../Core/Src/main.c:956:6:ReadFPGAData	56	static,ignoring_inline_asm
../Core/Src/main.c:1059:5:main	24	static
../Core/Src/main.c:1178:6:SystemClock_Config	88	static
../Core/Src/main.c:1224:13:MX_DAC_Init	16	static
../Core/Src/main.c:1264:13:MX_SPI2_Init	8	static
../Core/Src/main.c:1302:13:MX_TIM3_Init	32	static
../Core/Src/main.c:1347:13:MX_USART1_UART_Init	8	static
../Core/Src/main.c:1380:13:MX_GPIO_Init	56	static
../Core/Src/main.c:1456:13:MX_FSMC_Init	40	static
../Core/Src/main.c:1514:6:Error_Handler	4	static
