../Core/Src/main.c:141:6:SendUSBDebugMessage	24	static
../Core/Src/main.c:153:6:GenerateStartPulse	16	static
../Core/Src/main.c:176:6:ProcessUSBCommand	16	static
../Core/Src/main.c:193:6:ParseParameters	336	static
../Core/Src/main.c:271:6:SendParametersResponse	152	static
../Core/Src/main.c:294:6:SendDateTimeToBackupMCU	16	static
../Core/Src/main.c:318:6:ProcessUARTCommand	296	static
../Core/Src/main.c:395:6:SendMeasurementDataViaLoRa	200	static
../Core/Src/main.c:537:6:HAL_UART_RxCpltCallback	16	static
../Core/Src/main.c:563:6:InitializeLoRa	24	static
../Core/Src/main.c:651:6:SendTestDataViaLoRa	16	static
../Core/Src/main.c:688:6:SendUARTResponse	16	static
../Core/Src/main.c:699:5:main	8	static
../Core/Src/main.c:798:6:SystemClock_Config	88	static
../Core/Src/main.c:844:13:MX_DAC_Init	16	static
../Core/Src/main.c:884:13:MX_SPI2_Init	8	static
../Core/Src/main.c:922:13:MX_TIM3_Init	32	static
../Core/Src/main.c:967:13:MX_USART1_UART_Init	8	static
../Core/Src/main.c:1000:13:MX_GPIO_Init	56	static
../Core/Src/main.c:1076:13:MX_FSMC_Init	40	static
../Core/Src/main.c:1135:6:Error_Handler	4	static
