../Core/Src/main.c:206:10:CalculateCRC32	32	static
../Core/Src/main.c:220:6:LoadParametersFromFlash	24	static
../Core/Src/main.c:241:6:SaveParametersToFlash	32	static
../Core/Src/main.c:268:6:InitializeParameters	8	static
../Core/Src/main.c:293:6:SendUSBDebugMessage	24	static
../Core/Src/main.c:303:6:ParseParameters	336	static
../Core/Src/main.c:381:6:SendParametersResponse	152	static
../Core/Src/main.c:405:6:GenerateStartPulse	16	static
../Core/Src/main.c:428:6:ProcessUSBCommand	16	static
../Core/Src/main.c:441:6:NormalizeData	18408	static
../Core/Src/main.c:454:6:CalculateAutocorrelation	48	static
../Core/Src/main.c:467:10:FindMaxAutocorrelationIndex	24	static
../Core/Src/main.c:492:6:CalculateZeroCrossingThickness	56	static
../Core/Src/main.c:547:6:CalculateStrobeThickness	56	static
../Core/Src/main.c:591:6:CalculateAndSendACFThickness	16	static
../Core/Src/main.c:606:6:PrintMeasurementDataToUSB	168	static
../Core/Src/main.c:630:6:CheckThreshold	24	static
../Core/Src/main.c:647:6:AddRandomNoiseAndExtend	40	static
../Core/Src/main.c:665:6:ProcessCycle	24	static
../Core/Src/main.c:704:6:ProcessDataByMethod	24	static
../Core/Src/main.c:762:6:SendDateTimeToBackupMCU	16	static
../Core/Src/main.c:795:6:ProcessUARTCommand	368	static
../Core/Src/main.c:996:6:HAL_UART_RxCpltCallback	16	static
../Core/Src/main.c:1017:10:Read_Thermocouple_Temperature	48	static
../Core/Src/main.c:1057:7:Get_Thermocouple_Temperature	16	static
../Core/Src/main.c:1083:6:InitializeLoRa	24	static
../Core/Src/main.c:1171:6:SendTestDataViaLoRa	16	static
../Core/Src/main.c:1208:5:main	8	static
../Core/Src/main.c:1310:6:SystemClock_Config	88	static
../Core/Src/main.c:1356:13:MX_DAC_Init	16	static
../Core/Src/main.c:1396:13:MX_SPI2_Init	8	static
../Core/Src/main.c:1434:13:MX_TIM3_Init	32	static
../Core/Src/main.c:1479:13:MX_USART1_UART_Init	8	static
../Core/Src/main.c:1512:13:MX_GPIO_Init	56	static
../Core/Src/main.c:1582:13:MX_FSMC_Init	40	static
../Core/Src/main.c:1641:6:Error_Handler	4	static
