../Core/Src/main.c:101:19:Write_Voltage_To_Flash	56	static
../Core/Src/main.c:128:7:Read_Voltage_From_Flash	16	static
../Core/Src/main.c:136:6:Spi3_Init	4	static
../Core/Src/main.c:152:10:Spi3_Read_Data	16	static
../Core/Src/main.c:163:7:Read_Temperature	16	static
../Core/Src/main.c:172:6:Set_DAC_Voltage	24	static
../Core/Src/main.c:182:6:Process_USB_Command	128	static
../Core/Src/main.c:231:6:HAL_UART_RxCpltCallback	16	static
../Core/Src/main.c:251:6:Process_UART_Data	224	static
../Core/Src/main.c:284:6:Send_To_Backup_MK	88	static
../Core/Src/main.c:297:5:main	16	static
../Core/Src/main.c:364:6:SystemClock_Config	88	static
../Core/Src/main.c:403:13:MX_DAC_Init	16	static
../Core/Src/main.c:426:13:MX_SPI3_Init	8	static
../Core/Src/main.c:451:13:MX_USART1_UART_Init	8	static
../Core/Src/main.c:472:13:MX_GPIO_Init	48	static
../Core/Src/main.c:505:6:Error_Handler	4	static,ignoring_inline_asm
