../Core/Src/main.c:157:6:SendUSBDebugMessage	24	static
../Core/Src/main.c:169:6:GenerateStartPulse	16	static
../Core/Src/main.c:192:6:ProcessUSBCommand	16	static
../Core/Src/main.c:217:6:ParseParameters	336	static
../Core/Src/main.c:295:6:SendParametersResponse	152	static
../Core/Src/main.c:318:6:SendDateTimeToBackupMCU	16	static
../Core/Src/main.c:342:6:ProcessUARTCommand	296	static
../Core/Src/main.c:426:6:SendMeasurementDataViaLoRa	200	static
../Core/Src/main.c:568:6:HAL_UART_RxCpltCallback	16	static
../Core/Src/main.c:594:6:InitializeLoRa	24	static
../Core/Src/main.c:682:6:SendTestDataViaLoRa	16	static
../Core/Src/main.c:719:6:SendUARTResponse	16	static
../Core/Src/main.c:729:6:ReadFPGAData	24	static,ignoring_inline_asm
../Core/Src/main.c:752:6:PrintDataToUSB	152	static
../Core/Src/main.c:782:5:main	8	static
../Core/Src/main.c:889:6:SystemClock_Config	88	static
../Core/Src/main.c:935:13:MX_DAC_Init	16	static
../Core/Src/main.c:975:13:MX_SPI2_Init	8	static
../Core/Src/main.c:1013:13:MX_TIM3_Init	32	static
../Core/Src/main.c:1058:13:MX_USART1_UART_Init	8	static
../Core/Src/main.c:1091:13:MX_GPIO_Init	56	static
../Core/Src/main.c:1167:13:MX_FSMC_Init	40	static
../Core/Src/main.c:1225:6:Error_Handler	4	static
