../Core/Src/main.c:165:6:SendUSBDebugMessage	24	static
../Core/Src/main.c:177:6:GenerateStartPulse	16	static
../Core/Src/main.c:193:6:ProcessUSBCommand	16	static
../Core/Src/main.c:210:6:ParseALSection	32	static
../Core/Src/main.c:233:6:ParsePRSection	32	static
../Core/Src/main.c:285:6:ParseParameters	1224	static
../Core/Src/main.c:362:6:SendParametersResponse	192	static
../Core/Src/main.c:388:6:SendDateTimeToBackupMCU	32	static
../Core/Src/main.c:415:6:ProcessUARTCommand	304	static
../Core/Src/main.c:543:6:InitializeLoRa	24	static
../Core/Src/main.c:630:6:SendMeasurementDataViaLoRa	216	static
../Core/Src/main.c:763:6:HAL_UART_RxCpltCallback	16	static
../Core/Src/main.c:792:6:SendTestDataViaLoRa	16	static
../Core/Src/main.c:825:6:SendUARTResponse	16	static
../Core/Src/main.c:834:6:ReadFPGAData	96	static,ignoring_inline_asm
../Core/Src/main.c:989:6:PrintDataToUSB	168	static
../Core/Src/main.c:1027:6:FPGA_LoadConfig	64	static,ignoring_inline_asm
../Core/Src/main.c:1133:6:Set_DAC_Voltage	16	static
../Core/Src/main.c:1144:5:main	24	static
../Core/Src/main.c:1265:6:SystemClock_Config	88	static
../Core/Src/main.c:1311:13:MX_DAC_Init	16	static
../Core/Src/main.c:1351:13:MX_SPI2_Init	8	static
../Core/Src/main.c:1389:13:MX_TIM3_Init	32	static
../Core/Src/main.c:1434:13:MX_USART1_UART_Init	8	static
../Core/Src/main.c:1467:13:MX_GPIO_Init	56	static
../Core/Src/main.c:1585:6:Error_Handler	4	static
