../Core/Src/main.c:166:10:CalculateCRC32	32	static
../Core/Src/main.c:180:6:LoadParametersFromFlash	24	static
../Core/Src/main.c:201:6:SaveParametersToFlash	32	static
../Core/Src/main.c:228:6:InitializeParameters	8	static
../Core/Src/main.c:253:6:SendUSBDebugMessage	24	static
../Core/Src/main.c:263:6:ParseParameters	336	static
../Core/Src/main.c:341:6:SendParametersResponse	152	static
../Core/Src/main.c:365:6:GenerateStartPulse	16	static
../Core/Src/main.c:388:6:ProcessUSBCommand	16	static
../Core/Src/main.c:401:6:NormalizeData	18408	static
../Core/Src/main.c:414:6:CalculateAutocorrelation	48	static
../Core/Src/main.c:427:10:FindMaxAutocorrelationIndex	24	static
../Core/Src/main.c:452:6:CalculateZeroCrossingThickness	56	static
../Core/Src/main.c:503:6:CalculateStrobeThickness	56	static
../Core/Src/main.c:547:6:CalculateAndSendACFThickness	24	static
../Core/Src/main.c:562:6:PrintMeasurementDataToUSB	168	static
../Core/Src/main.c:586:6:CheckThreshold	24	static
../Core/Src/main.c:603:6:AddRandomNoiseAndExtend	40	static
../Core/Src/main.c:621:6:ProcessCycle	24	static
../Core/Src/main.c:660:6:ProcessDataByMethod	24	static
../Core/Src/main.c:718:6:SendDateTimeToBackupMCU	16	static
../Core/Src/main.c:751:6:ProcessUARTCommand	192	static
../Core/Src/main.c:870:6:HAL_UART_RxCpltCallback	16	static
../Core/Src/main.c:891:10:Read_Thermocouple_Temperature	48	static
../Core/Src/main.c:931:7:Get_Thermocouple_Temperature	16	static
../Core/Src/main.c:955:5:main	8	static
../Core/Src/main.c:1031:6:SystemClock_Config	88	static
../Core/Src/main.c:1077:13:MX_DAC_Init	16	static
../Core/Src/main.c:1117:13:MX_TIM3_Init	32	static
../Core/Src/main.c:1162:13:MX_USART1_UART_Init	8	static
../Core/Src/main.c:1195:13:MX_GPIO_Init	56	static
../Core/Src/main.c:1256:13:MX_FSMC_Init	40	static
../Core/Src/main.c:1315:6:Error_Handler	4	static
