../Core/Src/main.c:94:19:Write_Voltage_To_Flash	56	static
../Core/Src/main.c:128:7:Read_Voltage_From_Flash	16	static
../Core/Src/main.c:140:6:Spi3_Init	4	static
../Core/Src/main.c:165:10:Spi3_Read_Data	16	static
../Core/Src/main.c:189:7:Read_Temperature	16	static
../Core/Src/main.c:204:6:Process_USB_Command	128	static
../Core/Src/main.c:264:6:HAL_UART_RxCpltCallback	16	static
../Core/Src/main.c:288:6:Process_UART_Data	224	static
../Core/Src/main.c:326:6:Send_To_Backup_MK	88	static
../Core/Src/main.c:343:5:main	168	static
../Core/Src/main.c:419:6:SystemClock_Config	88	static
../Core/Src/main.c:465:13:MX_SPI3_Init	8	static
../Core/Src/main.c:503:13:MX_USART1_UART_Init	8	static
../Core/Src/main.c:536:13:MX_GPIO_Init	48	static
../Core/Src/main.c:582:6:Error_Handler	4	static,ignoring_inline_asm
