../Core/Src/main.c:94:19:Write_Voltage_To_Flash	56	static
../Core/Src/main.c:128:7:Read_Voltage_From_Flash	16	static
../Core/Src/main.c:140:6:Spi3_Init	4	static
../Core/Src/main.c:165:10:Spi3_Read_Data	16	static
../Core/Src/main.c:189:7:Read_Temperature	16	static
../Core/Src/main.c:204:6:Process_USB_Command	112	static
../Core/Src/main.c:259:6:HAL_UART_RxCpltCallback	16	static
../Core/Src/main.c:283:6:Process_UART_Data	224	static
../Core/Src/main.c:325:5:main	168	static
../Core/Src/main.c:401:6:SystemClock_Config	88	static
../Core/Src/main.c:447:13:MX_SPI3_Init	8	static
../Core/Src/main.c:485:13:MX_USART1_UART_Init	8	static
../Core/Src/main.c:518:13:MX_GPIO_Init	48	static
../Core/Src/main.c:564:6:Error_Handler	4	static,ignoring_inline_asm
