../Core/Src/main.c:93:6:ReadFPGAData	24	static,ignoring_inline_asm
../Core/Src/main.c:117:6:PrintDataToUSB	88	static
../Core/Src/main.c:146:6:SendUSBDebugMessage	24	static
../Core/Src/main.c:156:6:GenerateStartPulse	16	static
../Core/Src/main.c:174:6:ProcessUSBCommand	16	static
../Core/Src/main.c:199:5:main	8	static
../Core/Src/main.c:262:6:SystemClock_Config	88	static
../Core/Src/main.c:308:13:MX_DAC_Init	16	static
../Core/Src/main.c:346:13:MX_TIM3_Init	32	static
../Core/Src/main.c:389:13:MX_USART1_UART_Init	8	static
../Core/Src/main.c:420:13:MX_GPIO_Init	48	static
../Core/Src/main.c:460:13:MX_FSMC_Init	40	static
../Core/Src/main.c:518:6:Error_Handler	4	static
