../Core/Src/main.c:212:10:CalculateCRC32	32	static
../Core/Src/main.c:226:6:LoadParametersFromFlash	24	static
../Core/Src/main.c:247:6:SaveParametersToFlash	32	static
../Core/Src/main.c:274:6:InitializeParameters	8	static
../Core/Src/main.c:299:6:SendUSBDebugMessage	24	static
../Core/Src/main.c:309:6:ParseParameters	336	static
../Core/Src/main.c:387:6:SendParametersResponse	152	static
../Core/Src/main.c:411:6:GenerateStartPulse	16	static
../Core/Src/main.c:434:6:ProcessUSBCommand	16	static
../Core/Src/main.c:447:6:NormalizeData	18408	static
../Core/Src/main.c:460:6:CalculateAutocorrelation	48	static
../Core/Src/main.c:473:10:FindMaxAutocorrelationIndex	24	static
../Core/Src/main.c:498:6:CalculateZeroCrossingThickness	56	static
../Core/Src/main.c:553:6:CalculateStrobeThickness	56	static
../Core/Src/main.c:597:6:CalculateAndSendACFThickness	16	static
../Core/Src/main.c:612:6:PrintMeasurementDataToUSB	168	static
../Core/Src/main.c:636:6:CheckThreshold	24	static
../Core/Src/main.c:653:6:AddRandomNoiseAndExtend	40	static
../Core/Src/main.c:671:6:ProcessCycle	24	static
../Core/Src/main.c:710:6:ProcessDataByMethod	24	static
../Core/Src/main.c:768:6:SendDateTimeToBackupMCU	16	static
../Core/Src/main.c:801:6:ProcessUARTCommand	368	static
../Core/Src/main.c:1002:6:HAL_UART_RxCpltCallback	16	static
../Core/Src/main.c:1023:10:Read_Thermocouple_Temperature	48	static
../Core/Src/main.c:1063:7:Get_Thermocouple_Temperature	16	static
../Core/Src/main.c:1089:6:InitializeLoRa	24	static
../Core/Src/main.c:1177:6:SendTestDataViaLoRa	16	static
../Core/Src/main.c:1220:5:main	8	static
../Core/Src/main.c:1355:6:SystemClock_Config	88	static
../Core/Src/main.c:1401:13:MX_DAC_Init	16	static
../Core/Src/main.c:1441:13:MX_SPI2_Init	8	static
../Core/Src/main.c:1479:13:MX_TIM3_Init	32	static
../Core/Src/main.c:1524:13:MX_USART1_UART_Init	8	static
../Core/Src/main.c:1557:13:MX_GPIO_Init	56	static
../Core/Src/main.c:1627:13:MX_FSMC_Init	40	static
../Core/Src/main.c:1686:6:Error_Handler	4	static
