../Core/Src/main.c:169:6:SendUSBDebugMessage	24	static
../Core/Src/main.c:181:6:GenerateStartPulse	16	static
../Core/Src/main.c:197:6:ProcessUSBCommand	16	static
../Core/Src/main.c:214:6:ParseALSection	32	static
../Core/Src/main.c:237:6:ParsePRSection	32	static
../Core/Src/main.c:289:6:ParseParameters	1216	static
../Core/Src/main.c:366:6:SendParametersResponse	192	static
../Core/Src/main.c:392:6:SendDateTimeToBackupMCU	32	static
../Core/Src/main.c:419:6:ProcessUARTCommand	304	static
../Core/Src/main.c:557:6:InitializeLoRa	24	static
../Core/Src/main.c:644:6:SendMeasurementDataViaLoRa	216	static
../Core/Src/main.c:777:6:HAL_UART_RxCpltCallback	16	static
../Core/Src/main.c:806:6:SendTestDataViaLoRa	16	static
../Core/Src/main.c:839:6:SendUARTResponse	16	static
../Core/Src/main.c:848:6:ReadFPGAData	96	static,ignoring_inline_asm
../Core/Src/main.c:1009:6:PrintDataToUSB	168	static
../Core/Src/main.c:1042:6:FPGA_LoadConfig	64	static,ignoring_inline_asm
../Core/Src/main.c:1148:6:Set_DAC_Voltage	16	static
../Core/Src/main.c:1159:5:main	24	static
../Core/Src/main.c:1317:6:SystemClock_Config	88	static
../Core/Src/main.c:1363:13:MX_DAC_Init	16	static
../Core/Src/main.c:1403:13:MX_SPI2_Init	8	static
../Core/Src/main.c:1441:13:MX_TIM3_Init	32	static
../Core/Src/main.c:1486:13:MX_USART1_UART_Init	8	static
../Core/Src/main.c:1519:13:MX_GPIO_Init	56	static
../Core/Src/main.c:1637:6:Error_Handler	4	static
