../Core/Src/main.c:108:6:GenerateStartPulse	8	static
../Core/Src/main.c:120:6:ReadFPGAData	24	static
../Core/Src/main.c:146:6:PrintDataToUSB	40	static
../Core/Src/main.c:174:6:SendUSBDebugMessage	24	static
../Core/Src/main.c:184:19:Write_Voltage_To_Flash	56	static
../Core/Src/main.c:223:7:Read_Voltage_From_Flash	16	static
../Core/Src/main.c:238:6:Set_DAC_Voltage	24	static
../Core/Src/main.c:263:5:main	16	static
../Core/Src/main.c:366:6:SystemClock_Config	88	static
../Core/Src/main.c:412:13:MX_DAC_Init	16	static
../Core/Src/main.c:450:13:MX_TIM3_Init	32	static
../Core/Src/main.c:493:13:MX_USART1_UART_Init	8	static
../Core/Src/main.c:524:13:MX_GPIO_Init	48	static
../Core/Src/main.c:564:13:MX_FSMC_Init	40	static
../Core/Src/main.c:622:6:Error_Handler	4	static
