../Core/Src/stm32f4xx_hal_msp.c:63:6:HAL_MspInit	16	static
../Core/Src/stm32f4xx_hal_msp.c:86:6:HAL_DAC_MspInit	48	static
../Core/Src/stm32f4xx_hal_msp.c:120:6:HAL_DAC_MspDeInit	16	static
../Core/Src/stm32f4xx_hal_msp.c:148:6:HAL_SPI_MspInit	48	static
../Core/Src/stm32f4xx_hal_msp.c:189:6:HAL_SPI_MspDeInit	16	static
../Core/Src/stm32f4xx_hal_msp.c:221:6:HAL_TIM_Base_MspInit	24	static
../Core/Src/stm32f4xx_hal_msp.c:247:6:HAL_TIM_Base_MspDeInit	16	static
../Core/Src/stm32f4xx_hal_msp.c:272:6:HAL_UART_MspInit	48	static
../Core/Src/stm32f4xx_hal_msp.c:312:6:HAL_UART_MspDeInit	16	static
../Core/Src/stm32f4xx_hal_msp.c:339:13:HAL_FSMC_MspInit	32	static
../Core/Src/stm32f4xx_hal_msp.c:398:6:HAL_SRAM_MspInit	16	static
../Core/Src/stm32f4xx_hal_msp.c:410:13:HAL_FSMC_MspDeInit	8	static
../Core/Src/stm32f4xx_hal_msp.c:457:6:HAL_SRAM_MspDeInit	16	static
