../Core/Src/thickness_calculator.c:39:10:CalculateCRC32	32	static
../Core/Src/thickness_calculator.c:53:6:LoadParametersFromFlash	24	static
../Core/Src/thickness_calculator.c:73:6:SaveParametersToFlash	48	static
../Core/Src/thickness_calculator.c:104:6:InitializeParamSet	16	static
../Core/Src/thickness_calculator.c:128:6:InitializeParameters	16	static
../Core/Src/thickness_calculator.c:138:6:CopyDataWithoutModification	32	static
../Core/Src/thickness_calculator.c:150:6:NormalizeData	32	static
../Core/Src/thickness_calculator.c:174:6:CalculateAutocorrelation	64	static
../Core/Src/thickness_calculator.c:193:10:FindMaxAutocorrelationIndex	40	static
../Core/Src/thickness_calculator.c:226:6:CleanupDynamicBuffers	8	static
../Core/Src/thickness_calculator.c:241:6:CalculateZeroCrossingThickness	48	static
../Core/Src/thickness_calculator.c:285:6:CalculateStrobeThickness	64	static
../Core/Src/thickness_calculator.c:340:6:PrintAutocorrelationToUSB	432	static
../Core/Src/thickness_calculator.c:374:6:CalculateAndSendACFThickness	24	static
../Core/Src/thickness_calculator.c:384:6:CalculateAutocorrelation2	16	static
../Core/Src/thickness_calculator.c:387:6:ProcessDataByMethod	32	static
../Core/Src/thickness_calculator.c:474:9:GetActiveParamSet	4	static
