../Core/Src/thickness_calculator.c:43:10:CalculateCRC32	32	static
../Core/Src/thickness_calculator.c:57:6:LoadParametersFromFlash	24	static
../Core/Src/thickness_calculator.c:77:6:SaveParametersToFlash	48	static
../Core/Src/thickness_calculator.c:108:6:InitializeParamSet	16	static
../Core/Src/thickness_calculator.c:162:6:CopyDataWithoutModification	32	static
../Core/Src/thickness_calculator.c:174:6:NormalizeData	32	static
../Core/Src/thickness_calculator.c:198:6:CalculateAutocorrelation	32	static
../Core/Src/thickness_calculator.c:217:10:FindMaxAutocorrelationIndex	40	static
../Core/Src/thickness_calculator.c:246:6:CleanupDynamicBuffers	8	static
../Core/Src/thickness_calculator.c:261:6:CalculateZeroCrossingThickness	48	static
../Core/Src/thickness_calculator.c:305:6:CalculateStrobeThickness	64	static
../Core/Src/thickness_calculator.c:360:6:PrintAutocorrelationToUSB	432	static
../Core/Src/thickness_calculator.c:394:6:CalculateAndSendACFThickness	24	static
../Core/Src/thickness_calculator.c:404:6:ProcessDataByMethod	32	static
../Core/Src/thickness_calculator.c:485:9:GetActiveParamSet	4	static
