../Core/Src/thickness_calculator.c:32:10:CalculateCRC32	32	static
../Core/Src/thickness_calculator.c:46:6:LoadParametersFromFlash	24	static
../Core/Src/thickness_calculator.c:63:6:SaveParametersToFlash	32	static
../Core/Src/thickness_calculator.c:86:6:InitializeParameters	8	static
../Core/Src/thickness_calculator.c:110:6:CopyDataWithoutModification	32	static
../Core/Src/thickness_calculator.c:124:6:NormalizeData	18416	static
../Core/Src/thickness_calculator.c:142:6:CalculateAutocorrelation	48	static
../Core/Src/thickness_calculator.c:158:10:FindMaxAutocorrelationIndex	24	static
../Core/Src/thickness_calculator.c:181:6:CalculateZeroCrossingThickness	48	static
../Core/Src/thickness_calculator.c:228:6:CalculateStrobeThickness	48	static
../Core/Src/thickness_calculator.c:267:6:CalculateAndSendACFThickness	16	static
../Core/Src/thickness_calculator.c:281:6:ProcessDataByMethod	24	static
