../Core/Src/main.c:92:14:read_voltage	4
../Core/Src/main.c:129:14:read_temperature	5
../Core/Src/main.c:179:6:HAL_UART_RxCpltCallback	6
../Core/Src/main.c:207:13:enter_sleep_mode	2
../Core/Src/main.c:231:13:process_uart_command	9
../Core/Src/main.c:290:13:send_datetime_with_voltage_and_temp	1
../Core/Src/main.c:308:6:HAL_RTCEx_WakeUpTimerEventCallback	1
../Core/Src/main.c:318:6:RTC_WKUP_IRQHandler	1
../Core/Src/main.c:330:5:main	11
../Core/Src/main.c:455:6:SystemClock_Config	4
../Core/Src/main.c:502:13:MX_ADC1_Init	7
../Core/Src/main.c:593:13:MX_LPUART1_UART_Init	5
../Core/Src/main.c:641:13:MX_RTC_Init	3
../Core/Src/main.c:689:13:MX_GPIO_Init	1
../Core/Src/main.c:751:6:Error_Handler	1
