../Core/Src/main.c:95:14:read_voltage	40	static
../Core/Src/main.c:132:14:read_temperature	48	static
../Core/Src/main.c:182:6:HAL_UART_RxCpltCallback	16	static
../Core/Src/main.c:210:13:enter_sleep_mode	16	static
../Core/Src/main.c:240:13:process_uart_command	72	static
../Core/Src/main.c:309:13:send_datetime_with_voltage_and_temp	192	static
../Core/Src/main.c:327:6:HAL_RTCEx_WakeUpTimerEventCallback	16	static
../Core/Src/main.c:337:6:RTC_WKUP_IRQHandler	8	static
../Core/Src/main.c:349:5:main	184	static
../Core/Src/main.c:473:6:SystemClock_Config	104	static
../Core/Src/main.c:520:13:MX_ADC1_Init	48	static
../Core/Src/main.c:611:13:MX_LPUART1_UART_Init	8	static
../Core/Src/main.c:659:13:MX_RTC_Init	32	static
../Core/Src/main.c:707:13:MX_GPIO_Init	48	static
../Core/Src/main.c:769:6:Error_Handler	4	static,ignoring_inline_asm
