../Core/Src/main.c:96:14:read_voltage	4
../Core/Src/main.c:133:14:read_temperature	5
../Core/Src/main.c:165:6:HAL_UART_RxCpltCallback	6
../Core/Src/main.c:193:13:enter_sleep_mode	3
../Core/Src/main.c:223:13:process_uart_command	11
../Core/Src/main.c:294:13:send_datetime_with_voltage_and_temp	1
../Core/Src/main.c:314:6:HAL_RTCEx_WakeUpTimerEventCallback	1
../Core/Src/main.c:324:6:RTC_WKUP_IRQHandler	1
../Core/Src/main.c:336:5:main	12
../Core/Src/main.c:466:6:SystemClock_Config	4
../Core/Src/main.c:513:13:MX_ADC1_Init	7
../Core/Src/main.c:604:13:MX_LPUART1_UART_Init	5
../Core/Src/main.c:652:13:MX_RTC_Init	3
../Core/Src/main.c:700:13:MX_GPIO_Init	1
../Core/Src/main.c:762:6:Error_Handler	1
