../Core/Src/main.c:96:14:read_voltage	40	static
../Core/Src/main.c:133:14:read_temperature	24	static
../Core/Src/main.c:165:6:HAL_UART_RxCpltCallback	16	static
../Core/Src/main.c:193:13:enter_sleep_mode	16	static
../Core/Src/main.c:223:13:process_uart_command	72	static
../Core/Src/main.c:294:13:send_datetime_with_voltage_and_temp	192	static
../Core/Src/main.c:314:6:HAL_RTCEx_WakeUpTimerEventCallback	16	static
../Core/Src/main.c:324:6:RTC_WKUP_IRQHandler	8	static
../Core/Src/main.c:336:5:main	184	static
../Core/Src/main.c:466:6:SystemClock_Config	104	static
../Core/Src/main.c:513:13:MX_ADC1_Init	48	static
../Core/Src/main.c:604:13:MX_LPUART1_UART_Init	8	static
../Core/Src/main.c:652:13:MX_RTC_Init	32	static
../Core/Src/main.c:700:13:MX_GPIO_Init	48	static
../Core/Src/main.c:762:6:Error_Handler	4	static,ignoring_inline_asm
